Component: ARM Compiler 5.06 update 3 (build 300) Tool: armlink [4d35c9]

==============================================================================

Section Cross References

    scheduler.o(.text) refers to attitude_computation.o(.text) for Attitude_sensor_Update
    scheduler.o(.text) refers to control.o(.text) for Balance_Control
    scheduler.o(.text) refers to movement_control.o(.text) for Speed_OutPut
    scheduler.o(.text) refers to scheduler.o(.bss) for loop
    scheduler.o(.text) refers to attitude_computation.o(.bss) for Gyro
    main.o(.text) refers to init.o(.text) for All_Init
    main.o(.text) refers to printfb.o(i.__0printf$bare) for __2printf
    main.o(.text) refers to scheduler.o(.text) for Duty_Loop
    main.o(.text) refers to main.o(.data) for init_error
    stm32f10x_it.o(.text) refers to scheduler.o(.text) for Loop_check
    kalman.o(.text) refers to ffltui.o(.text) for __aeabi_ui2f
    kalman.o(.text) refers to fdiv.o(.text) for __aeabi_fdiv
    kalman.o(.text) refers to fadd.o(.text) for __aeabi_fsub
    kalman.o(.text) refers to fmul.o(.text) for __aeabi_fmul
    mpu6050_measure.o(.text) refers to bsp_mpu6050.o(.text) for MPU6050_Init
    mpu6050_measure.o(.text) refers to fflti.o(.text) for __aeabi_i2f
    mpu6050_measure.o(.text) refers to fadd.o(.text) for __aeabi_fsub
    mpu6050_measure.o(.text) refers to ffltui.o(.text) for __aeabi_ui2f
    mpu6050_measure.o(.text) refers to fmul.o(.text) for __aeabi_fmul
    mpu6050_measure.o(.text) refers to fdiv.o(.text) for __aeabi_fdiv
    mpu6050_measure.o(.text) refers to f2d.o(.text) for __aeabi_f2d
    mpu6050_measure.o(.text) refers to ddiv.o(.text) for __aeabi_ddiv
    mpu6050_measure.o(.text) refers to d2f.o(.text) for __aeabi_d2f
    mpu6050_measure.o(.text) refers to ffixi.o(.text) for __aeabi_f2iz
    mpu6050_measure.o(.text) refers to atan2.o(i.atan2) for atan2
    mpu6050_measure.o(.text) refers to dmul.o(.text) for __aeabi_dmul
    mpu6050_measure.o(.text) refers to mpu6050_measure.o(.data) for TEM_LPF
    time.o(.text) refers to stm32f10x_tim.o(.text) for TIM_SetCounter
    time.o(.text) refers to misc.o(.text) for NVIC_Init
    time.o(.text) refers to stm32f10x_rcc.o(.text) for RCC_APB1PeriphClockCmd
    time.o(.text) refers to time.o(.data) for go_onflag
    attitude_computation.o(.text) refers to kalman.o(.text) for Kanman_Init
    attitude_computation.o(.text) refers to mpu6050_measure.o(.text) for mpu6050_Input_And_Measure
    attitude_computation.o(.text) refers to attitude_computation.o(.bss) for Gyro_mpu6050_out
    control.o(.text) refers to fadd.o(.text) for __aeabi_fsub
    control.o(.text) refers to ffltui.o(.text) for __aeabi_ui2f
    control.o(.text) refers to fmul.o(.text) for __aeabi_fmul
    control.o(.text) refers to ffixi.o(.text) for __aeabi_f2iz
    control.o(.text) refers to control.o(.data) for kp
    data_transfer.o(.text) refers to data_transfer.o(.bss) for buff
    data_transfer.o(.text) refers to control.o(.data) for kp
    data_transfer.o(.text) refers to data_transfer.o(.data) for number
    movement_control.o(.text) refers to bsp_motor.o(.text) for Left_Motor
    movement_control.o(.text) refers to bsp_encoder.o(.text) for Get_Left_Speed
    movement_control.o(.text) refers to movement_control.o(.data) for Direction_Left
    init.o(.text) refers to misc.o(.text) for NVIC_PriorityGroupConfig
    init.o(.text) refers to time.o(.text) for Time_Configuration
    init.o(.text) refers to bsp_led.o(.text) for LED_GPIO_Config
    init.o(.text) refers to bsp_key.o(.text) for EXTI_PA0_Config
    init.o(.text) refers to bsp_usart1.o(.text) for USART1_Config
    init.o(.text) refers to bsp_usart2.o(.text) for USART2_Config
    init.o(.text) refers to ioi2c.o(.text) for IIC_Init
    init.o(.text) refers to mpu6050_measure.o(.text) for mpu6050_init
    init.o(.text) refers to bsp_encoder.o(.text) for Encoder_Configuration
    init.o(.text) refers to bsp_motor.o(.text) for Motor_Init
    init.o(.text) refers to attitude_computation.o(.text) for Attitude_Init
    init.o(.text) refers to control.o(.text) for Balance_Init
    init.o(.text) refers to scheduler.o(.text) for Loop_Init
    init.o(.text) refers to bsp_systick.o(.text) for SysTick_Init
    bsp_usart1.o(.text) refers to misc.o(.text) for NVIC_Init
    bsp_usart1.o(.text) refers to stm32f10x_rcc.o(.text) for RCC_APB2PeriphClockCmd
    bsp_usart1.o(.text) refers to stm32f10x_gpio.o(.text) for GPIO_Init
    bsp_usart1.o(.text) refers to stm32f10x_usart.o(.text) for USART_Init
    bsp_usart1.o(.text) refers to printfb.o(i.__0printf$bare) for __2printf
    bsp_usart1.o(.text) refers to data_transfer.o(.text) for Receive_Handle
    bsp_usart2.o(.text) refers to misc.o(.text) for NVIC_Init
    bsp_usart2.o(.text) refers to stm32f10x_rcc.o(.text) for RCC_APB2PeriphClockCmd
    bsp_usart2.o(.text) refers to stm32f10x_gpio.o(.text) for GPIO_Init
[...]
    printf6.o(i.__0sprintf$6) refers to printf6.o(i._printf_core) for _printf_core
    printf6.o(i.__0sprintf$6) refers to printf6.o(i._sputc) for _sputc
    printf6.o(i.__0vfprintf$6) refers to printf6.o(i._printf_core) for _printf_core
    printf6.o(i.__0vfprintf$6) refers to bsp_usart1.o(.text) for fputc
    printf6.o(i.__0vprintf$6) refers to printf6.o(i._printf_core) for _printf_core
    printf6.o(i.__0vprintf$6) refers to bsp_usart1.o(.text) for fputc
    printf6.o(i.__0vprintf$6) refers to stdout.o(.data) for __stdout
    printf6.o(i.__0vsnprintf$6) refers to printf6.o(i._printf_core) for _printf_core
    printf6.o(i.__0vsnprintf$6) refers to printf6.o(i._snputc) for _snputc
    printf6.o(i.__0vsprintf$6) refers to printf6.o(i._printf_core) for _printf_core
    printf6.o(i.__0vsprintf$6) refers to printf6.o(i._sputc) for _sputc
    printf6.o(i._printf_core) refers to printf6.o(i._printf_pre_padding) for _printf_pre_padding
    printf6.o(i._printf_core) refers to uidiv.o(.text) for __aeabi_uidivmod
    printf6.o(i._printf_core) refers to printf6.o(i._printf_post_padding) for _printf_post_padding
    printf7.o(i.__0fprintf$7) refers to printf7.o(i._printf_core) for _printf_core
    printf7.o(i.__0fprintf$7) refers to bsp_usart1.o(.text) for fputc
    printf7.o(i.__0printf$7) refers to printf7.o(i._printf_core) for _printf_core
    printf7.o(i.__0printf$7) refers to bsp_usart1.o(.text) for fputc
    printf7.o(i.__0printf$7) refers to stdout.o(.data) for __stdout
    printf7.o(i.__0snprintf$7) refers to printf7.o(i._printf_core) for _printf_core
    printf7.o(i.__0snprintf$7) refers to printf7.o(i._snputc) for _snputc
    printf7.o(i.__0sprintf$7) refers to printf7.o(i._printf_core) for _printf_core
    printf7.o(i.__0sprintf$7) refers to printf7.o(i._sputc) for _sputc
    printf7.o(i.__0vfprintf$7) refers to printf7.o(i._printf_core) for _printf_core
    printf7.o(i.__0vfprintf$7) refers to bsp_usart1.o(.text) for fputc
    printf7.o(i.__0vprintf$7) refers to printf7.o(i._printf_core) for _printf_core
    printf7.o(i.__0vprintf$7) refers to bsp_usart1.o(.text) for fputc
    printf7.o(i.__0vprintf$7) refers to stdout.o(.data) for __stdout
    printf7.o(i.__0vsnprintf$7) refers to printf7.o(i._printf_core) for _printf_core
    printf7.o(i.__0vsnprintf$7) refers to printf7.o(i._snputc) for _snputc
    printf7.o(i.__0vsprintf$7) refers to printf7.o(i._printf_core) for _printf_core
    printf7.o(i.__0vsprintf$7) refers to printf7.o(i._sputc) for _sputc
    printf7.o(i._printf_core) refers to printf7.o(i._printf_pre_padding) for _printf_pre_padding
    printf7.o(i._printf_core) refers to uldiv.o(.text) for __aeabi_uldivmod
    printf7.o(i._printf_core) refers to printf7.o(i._printf_post_padding) for _printf_post_padding
    printf8.o(i.__0fprintf$8) refers to printf8.o(i._printf_core) for _printf_core
    printf8.o(i.__0fprintf$8) refers to bsp_usart1.o(.text) for fputc
    printf8.o(i.__0printf$8) refers to printf8.o(i._printf_core) for _printf_core
    printf8.o(i.__0printf$8) refers to bsp_usart1.o(.text) for fputc
    printf8.o(i.__0printf$8) refers to stdout.o(.data) for __stdout
    printf8.o(i.__0snprintf$8) refers to printf8.o(i._printf_core) for _printf_core
    printf8.o(i.__0snprintf$8) refers to printf8.o(i._snputc) for _snputc
    printf8.o(i.__0sprintf$8) refers to printf8.o(i._printf_core) for _printf_core
    printf8.o(i.__0sprintf$8) refers to printf8.o(i._sputc) for _sputc
    printf8.o(i.__0vfprintf$8) refers to printf8.o(i._printf_core) for _printf_core
    printf8.o(i.__0vfprintf$8) refers to bsp_usart1.o(.text) for fputc
    printf8.o(i.__0vprintf$8) refers to printf8.o(i._printf_core) for _printf_core
    printf8.o(i.__0vprintf$8) refers to bsp_usart1.o(.text) for fputc
    printf8.o(i.__0vprintf$8) refers to stdout.o(.data) for __stdout
    printf8.o(i.__0vsnprintf$8) refers to printf8.o(i._printf_core) for _printf_core
    printf8.o(i.__0vsnprintf$8) refers to printf8.o(i._snputc) for _snputc
    printf8.o(i.__0vsprintf$8) refers to printf8.o(i._printf_core) for _printf_core
    printf8.o(i.__0vsprintf$8) refers to printf8.o(i._sputc) for _sputc
    printf8.o(i._printf_core) refers to printf8.o(i._printf_pre_padding) for _printf_pre_padding
    printf8.o(i._printf_core) refers to uldiv.o(.text) for __aeabi_uldivmod
    printf8.o(i._printf_core) refers to printf8.o(i._printf_post_padding) for _printf_post_padding
    printfa.o(i.__0fprintf) refers (Special) to iusefp.o(.text) for __I$use$fp
    printfa.o(i.__0fprintf) refers to printfa.o(i._printf_core) for _printf_core
    printfa.o(i.__0fprintf) refers to bsp_usart1.o(.text) for fputc
    printfa.o(i.__0printf) refers (Special) to iusefp.o(.text) for __I$use$fp
    printfa.o(i.__0printf) refers to printfa.o(i._printf_core) for _printf_core
    printfa.o(i.__0printf) refers to bsp_usart1.o(.text) for fputc
    printfa.o(i.__0printf) refers to stdout.o(.data) for __stdout
    printfa.o(i.__0snprintf) refers (Special) to iusefp.o(.text) for __I$use$fp
    printfa.o(i.__0snprintf) refers to printfa.o(i._printf_core) for _printf_core
    printfa.o(i.__0snprintf) refers to printfa.o(i._snputc) for _snputc
    printfa.o(i.__0sprintf) refers (Special) to iusefp.o(.text) for __I$use$fp
    printfa.o(i.__0sprintf) refers to printfa.o(i._printf_core) for _printf_core
    printfa.o(i.__0sprintf) refers to printfa.o(i._sputc) for _sputc
    printfa.o(i.__0vfprintf) refers (Special) to iusefp.o(.text) for __I$use$fp
    printfa.o(i.__0vfprintf) refers to printfa.o(i._printf_core) for _printf_core
    printfa.o(i.__0vfprintf) refers to bsp_usart1.o(.text) for fputc
    printfa.o(i.__0vprintf) refers (Special) to iusefp.o(.text) for __I$use$fp
    printfa.o(i.__0vprintf) refers to printfa.o(i._printf_core) for _printf_core
    printfa.o(i.__0vprintf) refers to bsp_usart1.o(.text) for fputc
    printfa.o(i.__0vprintf) refers to stdout.o(.data) for __stdout
    printfa.o(i.__0vsnprintf) refers (Special) to iusefp.o(.text) for __I$use$fp
    printfa.o(i.__0vsnprintf) refers to printfa.o(i._printf_core) for _printf_core
    printfa.o(i.__0vsnprintf) refers to printfa.o(i._snputc) for _snputc
    printfa.o(i.__0vsprintf) refers (Special) to iusefp.o(.text) for __I$use$fp
    printfa.o(i.__0vsprintf) refers to printfa.o(i._printf_core) for _printf_core
    printfa.o(i.__0vsprintf) refers to printfa.o(i._sputc) for _sputc
    printfa.o(i._fp_digits) refers (Special) to iusefp.o(.text) for __I$use$fp
    printfa.o(i._fp_digits) refers to dmul.o(.text) for __aeabi_dmul
    printfa.o(i._fp_digits) refers to ddiv.o(.text) for __aeabi_ddiv
    printfa.o(i._fp_digits) refers to cdrcmple.o(.text) for __aeabi_cdrcmple
    printfa.o(i._fp_digits) refers to dadd.o(.text) for __aeabi_dadd
    printfa.o(i._fp_digits) refers to dfixul.o(.text) for __aeabi_d2ulz
    printfa.o(i._fp_digits) refers to uldiv.o(.text) for __aeabi_uldivmod
    printfa.o(i._printf_core) refers (Special) to iusefp.o(.text) for __I$use$fp
    printfa.o(i._printf_core) refers to printfa.o(i._printf_pre_padding) for _printf_pre_padding
    printfa.o(i._printf_core) refers to uldiv.o(.text) for __aeabi_uldivmod
    printfa.o(i._printf_core) refers to printfa.o(i._printf_post_padding) for _printf_post_padding
    printfa.o(i._printf_core) refers to printfa.o(i._fp_digits) for _fp_digits
    printfa.o(i._printf_core) refers to uidiv.o(.text) for __aeabi_uidivmod
    printfa.o(i._printf_post_padding) refers (Special) to iusefp.o(.text) for __I$use$fp
    printfa.o(i._printf_pre_padding) refers (Special) to iusefp.o(.text) for __I$use$fp
    printfa.o(i._snputc) refers (Special) to iusefp.o(.text) for __I$use$fp
    printfa.o(i._sputc) refers (Special) to iusefp.o(.text) for __I$use$fp
    fadd.o(.text) refers (Special) to iusefp.o(.text) for __I$use$fp
    fadd.o(.text) refers to fepilogue.o(.text) for _float_epilogue
    fmul.o(.text) refers (Special) to iusefp.o(.text) for __I$use$fp
    fdiv.o(.text) refers (Special) to iusefp.o(.text) for __I$use$fp
    fdiv.o(.text) refers to fepilogue.o(.text) for _float_round
    dmul.o(.text) refers (Special) to iusefp.o(.text) for __I$use$fp
    dmul.o(.text) refers to depilogue.o(.text) for _double_epilogue
    ddiv.o(.text) refers (Special) to iusefp.o(.text) for __I$use$fp
    ddiv.o(.text) refers to depilogue.o(.text) for _double_round
    fflti.o(.text) refers (Special) to iusefp.o(.text) for __I$use$fp
    fflti.o(.text) refers to fepilogue.o(.text) for _float_epilogue
    ffltui.o(.text) refers (Special) to iusefp.o(.text) for __I$use$fp
    ffltui.o(.text) refers to fepilogue.o(.text) for _float_epilogue
    ffixi.o(.text) refers (Special) to iusefp.o(.text) for __I$use$fp
    f2d.o(.text) refers (Special) to iusefp.o(.text) for __I$use$fp
    d2f.o(.text) refers (Special) to iusefp.o(.text) for __I$use$fp
    d2f.o(.text) refers to fepilogue.o(.text) for _float_round
    atan.o(i.__softfp_atan) refers (Special) to iusefp.o(.text) for __I$use$fp
    atan.o(i.__softfp_atan) refers to atan.o(i.atan) for atan
    atan.o(i.atan) refers (Special) to iusefp.o(.text) for __I$use$fp
    atan.o(i.atan) refers to dunder.o(i.__mathlib_dbl_infnan) for __mathlib_dbl_infnan
    atan.o(i.atan) refers to fpclassify.o(i.__ARM_fpclassify) for __ARM_fpclassify
    atan.o(i.atan) refers to dunder.o(i.__mathlib_dbl_underflow) for __mathlib_dbl_underflow
    atan.o(i.atan) refers to dadd.o(.text) for __aeabi_dadd
    atan.o(i.atan) refers to dscalb.o(.text) for __ARM_scalbn
    atan.o(i.atan) refers to ddiv.o(.text) for __aeabi_ddiv
    atan.o(i.atan) refers to dmul.o(.text) for __aeabi_dmul
    atan.o(i.atan) refers to poly.o(i.__kernel_poly) for __kernel_poly
    atan.o(i.atan) refers to atan.o(.constdata) for .constdata
    atan.o(.constdata) refers (Special) to iusefp.o(.text) for __I$use$fp
    atan_x.o(i.____softfp_atan$lsc) refers (Special) to iusefp.o(.text) for __I$use$fp
    atan_x.o(i.____softfp_atan$lsc) refers to atan_x.o(i.__atan$lsc) for __atan$lsc
    atan_x.o(i.__atan$lsc) refers (Special) to iusefp.o(.text) for __I$use$fp
    atan_x.o(i.__atan$lsc) refers to dunder.o(i.__mathlib_dbl_infnan) for __mathlib_dbl_infnan
    atan_x.o(i.__atan$lsc) refers to dadd.o(.text) for __aeabi_dadd
    atan_x.o(i.__atan$lsc) refers to dscalb.o(.text) for __ARM_scalbn
    atan_x.o(i.__atan$lsc) refers to ddiv.o(.text) for __aeabi_ddiv
    atan_x.o(i.__atan$lsc) refers to dmul.o(.text) for __aeabi_dmul
    atan_x.o(i.__atan$lsc) refers to poly.o(i.__kernel_poly) for __kernel_poly
    atan_x.o(i.__atan$lsc) refers to atan_x.o(.constdata) for .constdata
    atan_x.o(.constdata) refers (Special) to iusefp.o(.text) for __I$use$fp
    dunder.o(i.__mathlib_dbl_divzero) refers to ddiv.o(.text) for __aeabi_ddiv
    dunder.o(i.__mathlib_dbl_infnan) refers to dscalb.o(.text) for __ARM_scalbn
    dunder.o(i.__mathlib_dbl_infnan2) refers to dadd.o(.text) for __aeabi_dadd
    dunder.o(i.__mathlib_dbl_invalid) refers to ddiv.o(.text) for __aeabi_ddiv
    dunder.o(i.__mathlib_dbl_overflow) refers to dscalb.o(.text) for __ARM_scalbn
    dunder.o(i.__mathlib_dbl_posinfnan) refers to dmul.o(.text) for __aeabi_dmul
    dunder.o(i.__mathlib_dbl_underflow) refers to dscalb.o(.text) for __ARM_scalbn
    qnan.o(.constdata) refers (Special) to iusefp.o(.text) for __I$use$fp
    entry2.o(.ARM.Collect$$$$00000001) refers to entry2.o(.ARM.Collect$$$$00002712) for __lit__00000000
    entry2.o(.ARM.Collect$$$$00002712) refers to startup_stm32f10x_hd.o(STACK) for __initial_sp
    entry2.o(__vectab_stack_and_reset_area) refers to startup_stm32f10x_hd.o(STACK) for __initial_sp
    entry2.o(__vectab_stack_and_reset_area) refers to entry.o(.ARM.Collect$$$$00000000) for __main
    entry5.o(.ARM.Collect$$$$00000004) refers to init.o(.text) for __scatterload
    entry9a.o(.ARM.Collect$$$$0000000B) refers to main.o(.text) for main
    entry9b.o(.ARM.Collect$$$$0000000C) refers to main.o(.text) for main
    uldiv.o(.text) refers to llushr.o(.text) for __aeabi_llsr
    uldiv.o(.text) refers to llshl.o(.text) for __aeabi_llsl
    errno.o(i.__aeabi_errno_addr) refers to errno.o(.data) for .data
    errno.o(i.__read_errno) refers to errno.o(.data) for .data
    errno.o(i.__set_errno) refers to errno.o(.data) for .data
    depilogue.o(.text) refers to llshl.o(.text) for __aeabi_llsl
    depilogue.o(.text) refers to llushr.o(.text) for __aeabi_llsr
    dadd.o(.text) refers to llshl.o(.text) for __aeabi_llsl
    dadd.o(.text) refers to llsshr.o(.text) for __aeabi_lasr
    dadd.o(.text) refers to depilogue.o(.text) for _double_epilogue
    dfixul.o(.text) refers to llushr.o(.text) for __aeabi_llsr
    dfixul.o(.text) refers to llshl.o(.text) for __aeabi_llsl
    fpclassify.o(i.__ARM_fpclassify) refers (Special) to iusefp.o(.text) for __I$use$fp
    poly.o(i.__kernel_poly) refers (Special) to iusefp.o(.text) for __I$use$fp
    poly.o(i.__kernel_poly) refers to dmul.o(.text) for __aeabi_dmul
    poly.o(i.__kernel_poly) refers to dadd.o(.text) for __aeabi_dadd
    init.o(.text) refers to entry5.o(.ARM.Collect$$$$00000004) for __main_after_scatterload


==============================================================================

Removing Unused input sections from the image.

    Removing startup_stm32f10x_hd.o(HEAP), (512 bytes).
    Removing core_cm3.o(.emb_text), (32 bytes).
    Removing stm32f10x_adc.o(.text), (1102 bytes).
    Removing stm32f10x_bkp.o(.text), (196 bytes).
    Removing stm32f10x_can.o(.text), (2544 bytes).
    Removing stm32f10x_cec.o(.text), (288 bytes).
    Removing stm32f10x_crc.o(.text), (72 bytes).
    Removing stm32f10x_dac.o(.text), (396 bytes).
    Removing stm32f10x_dbgmcu.o(.text), (48 bytes).
    Removing stm32f10x_dma.o(.text), (596 bytes).
    Removing stm32f10x_flash.o(.text), (1468 bytes).
    Removing stm32f10x_fsmc.o(.text), (1548 bytes).
    Removing stm32f10x_i2c.o(.text), (1028 bytes).
    Removing stm32f10x_iwdg.o(.text), (64 bytes).
    Removing stm32f10x_pwr.o(.text), (204 bytes).
    Removing stm32f10x_rtc.o(.text), (328 bytes).
    Removing stm32f10x_sdio.o(.text), (468 bytes).
    Removing stm32f10x_spi.o(.text), (780 bytes).
    Removing stm32f10x_wwdg.o(.text), (136 bytes).
    Removing dfixul.o(.text), (48 bytes).
    Removing cdrcmple.o(.text), (48 bytes).

21 unused section(s) (total 11906 bytes) removed from the image.

==============================================================================

Image Symbol Table

    Local Symbols

    Symbol Name                              Value     Ov Type        Size  Object(Section)

    ../clib/microlib/division.c              0x00000000   Number         0  uldiv.o ABSOLUTE
    ../clib/microlib/division.c              0x00000000   Number         0  uidiv.o ABSOLUTE
    ../clib/microlib/errno.c                 0x00000000   Number         0  errno.o ABSOLUTE
    ../clib/microlib/init/entry.s            0x00000000   Number         0  entry7b.o ABSOLUTE
    ../clib/microlib/init/entry.s            0x00000000   Number         0  entry10a.o ABSOLUTE
    ../clib/microlib/init/entry.s            0x00000000   Number         0  entry10b.o ABSOLUTE
    ../clib/microlib/init/entry.s            0x00000000   Number         0  entry11a.o ABSOLUTE
    ../clib/microlib/init/entry.s            0x00000000   Number         0  entry11b.o ABSOLUTE
    ../clib/microlib/init/entry.s            0x00000000   Number         0  entry9a.o ABSOLUTE
    ../clib/microlib/init/entry.s            0x00000000   Number         0  entry8b.o ABSOLUTE
    ../clib/microlib/init/entry.s            0x00000000   Number         0  entry7a.o ABSOLUTE
    ../clib/microlib/init/entry.s            0x00000000   Number         0  entry.o ABSOLUTE
    ../clib/microlib/init/entry.s            0x00000000   Number         0  entry2.o ABSOLUTE
    ../clib/microlib/init/entry.s            0x00000000   Number         0  entry9b.o ABSOLUTE
    ../clib/microlib/init/entry.s            0x00000000   Number         0  entry5.o ABSOLUTE
    ../clib/microlib/init/entry.s            0x00000000   Number         0  entry8a.o ABSOLUTE
    ../clib/microlib/longlong.c              0x00000000   Number         0  llsshr.o ABSOLUTE
    ../clib/microlib/longlong.c              0x00000000   Number         0  llushr.o ABSOLUTE
    ../clib/microlib/longlong.c              0x00000000   Number         0  llshl.o ABSOLUTE
    ../clib/microlib/printf/printf.c         0x00000000   Number         0  printf7.o ABSOLUTE
    ../clib/microlib/printf/printf.c         0x00000000   Number         0  printf1.o ABSOLUTE
    ../clib/microlib/printf/printf.c         0x00000000   Number         0  printf8.o ABSOLUTE
    ../clib/microlib/printf/printf.c         0x00000000   Number         0  printfa.o ABSOLUTE
    ../clib/microlib/printf/printf.c         0x00000000   Number         0  printfb.o ABSOLUTE
    ../clib/microlib/printf/printf.c         0x00000000   Number         0  printf0.o ABSOLUTE
    ../clib/microlib/printf/printf.c         0x00000000   Number         0  printf4.o ABSOLUTE
    ../clib/microlib/printf/printf.c         0x00000000   Number         0  printf3.o ABSOLUTE
    ../clib/microlib/printf/printf.c         0x00000000   Number         0  printf2.o ABSOLUTE
    ../clib/microlib/printf/printf.c         0x00000000   Number         0  printf6.o ABSOLUTE
    ../clib/microlib/printf/printf.c         0x00000000   Number         0  printf5.o ABSOLUTE
    ../clib/microlib/stdio/streams.c         0x00000000   Number         0  stdout.o ABSOLUTE
    ../clib/microlib/stubs.s                 0x00000000   Number         0  iusefp.o ABSOLUTE
    ../fplib/microlib/d2f.c                  0x00000000   Number         0  d2f.o ABSOLUTE
    ../fplib/microlib/f2d.c                  0x00000000   Number         0  f2d.o ABSOLUTE
    ../fplib/microlib/fpadd.c                0x00000000   Number         0  dadd.o ABSOLUTE
    ../fplib/microlib/fpadd.c                0x00000000   Number         0  fadd.o ABSOLUTE
    ../fplib/microlib/fpdiv.c                0x00000000   Number         0  fdiv.o ABSOLUTE
    ../fplib/microlib/fpdiv.c                0x00000000   Number         0  ddiv.o ABSOLUTE
    ../fplib/microlib/fpepilogue.c           0x00000000   Number         0  fepilogue.o ABSOLUTE
    ../fplib/microlib/fpepilogue.c           0x00000000   Number         0  depilogue.o ABSOLUTE
    ../fplib/microlib/fpfix.c                0x00000000   Number         0  dfixul.o ABSOLUTE
    ../fplib/microlib/fpfix.c                0x00000000   Number         0  ffixi.o ABSOLUTE
    ../fplib/microlib/fpflt.c                0x00000000   Number         0  fflti.o ABSOLUTE
    ../fplib/microlib/fpflt.c                0x00000000   Number         0  ffltui.o ABSOLUTE
    ../fplib/microlib/fpmul.c                0x00000000   Number         0  dmul.o ABSOLUTE
    ../fplib/microlib/fpmul.c                0x00000000   Number         0  fmul.o ABSOLUTE
    ../fplib/microlib/fpscalb.c              0x00000000   Number         0  dscalb.o ABSOLUTE
    ../mathlib/atan.c                        0x00000000   Number         0  atan.o ABSOLUTE
    ../mathlib/atan.c                        0x00000000   Number         0  atan_x.o ABSOLUTE
    ../mathlib/atan2.c                       0x00000000   Number         0  atan2.o ABSOLUTE
    ../mathlib/atan2.c                       0x00000000   Number         0  atan2_x.o ABSOLUTE
    ../mathlib/dunder.c                      0x00000000   Number         0  dunder.o ABSOLUTE
    ../mathlib/fpclassify.c                  0x00000000   Number         0  fpclassify.o ABSOLUTE
    ../mathlib/poly.c                        0x00000000   Number         0  poly.o ABSOLUTE
    ../mathlib/qnan.c                        0x00000000   Number         0  qnan.o ABSOLUTE
    ..\..\Libraries\CMSIS\core_cm3.c         0x00000000   Number         0  core_cm3.o ABSOLUTE
    ..\..\Libraries\CMSIS\startup\startup_stm32f10x_hd.s 0x00000000   Number         0  startup_stm32f10x_hd.o ABSOLUTE
    ..\..\Libraries\CMSIS\system_stm32f10x.c 0x00000000   Number         0  system_stm32f10x.o ABSOLUTE
    ..\..\Libraries\FWlib\src\misc.c         0x00000000   Number         0  misc.o ABSOLUTE
    ..\..\Libraries\FWlib\src\stm32f10x_adc.c 0x00000000   Number         0  stm32f10x_adc.o ABSOLUTE
    ..\..\Libraries\FWlib\src\stm32f10x_bkp.c 0x00000000   Number         0  stm32f10x_bkp.o ABSOLUTE
    ..\..\Libraries\FWlib\src\stm32f10x_can.c 0x00000000   Number         0  stm32f10x_can.o ABSOLUTE
    ..\..\Libraries\FWlib\src\stm32f10x_cec.c 0x00000000   Number         0  stm32f10x_cec.o ABSOLUTE
    ..\..\Libraries\FWlib\src\stm32f10x_crc.c 0x00000000   Number         0  stm32f10x_crc.o ABSOLUTE
    ..\..\Libraries\FWlib\src\stm32f10x_dac.c 0x00000000   Number         0  stm32f10x_dac.o ABSOLUTE
    ..\..\Libraries\FWlib\src\stm32f10x_dbgmcu.c 0x00000000   Number         0  stm32f10x_dbgmcu.o ABSOLUTE
    ..\..\Libraries\FWlib\src\stm32f10x_dma.c 0x00000000   Number         0  stm32f10x_dma.o ABSOLUTE
    ..\..\Libraries\FWlib\src\stm32f10x_exti.c 0x00000000   Number         0  stm32f10x_exti.o ABSOLUTE
    ..\..\Libraries\FWlib\src\stm32f10x_flash.c 0x00000000   Number         0  stm32f10x_flash.o ABSOLUTE
    ..\..\Libraries\FWlib\src\stm32f10x_fsmc.c 0x00000000   Number         0  stm32f10x_fsmc.o ABSOLUTE
    ..\..\Libraries\FWlib\src\stm32f10x_gpio.c 0x00000000   Number         0  stm32f10x_gpio.o ABSOLUTE
    ..\..\Libraries\FWlib\src\stm32f10x_i2c.c 0x00000000   Number         0  stm32f10x_i2c.o ABSOLUTE
    ..\..\Libraries\FWlib\src\stm32f10x_iwdg.c 0x00000000   Number         0  stm32f10x_iwdg.o ABSOLUTE
    ..\..\Libraries\FWlib\src\stm32f10x_pwr.c 0x00000000   Number         0  stm32f10x_pwr.o ABSOLUTE
    ..\..\Libraries\FWlib\src\stm32f10x_rcc.c 0x00000000   Number         0  stm32f10x_rcc.o ABSOLUTE
    ..\..\Libraries\FWlib\src\stm32f10x_rtc.c 0x00000000   Number         0  stm32f10x_rtc.o ABSOLUTE
    ..\..\Libraries\FWlib\src\stm32f10x_sdio.c 0x00000000   Number         0  stm32f10x_sdio.o ABSOLUTE
    ..\..\Libraries\FWlib\src\stm32f10x_spi.c 0x00000000   Number         0  stm32f10x_spi.o ABSOLUTE
    ..\..\Libraries\FWlib\src\stm32f10x_tim.c 0x00000000   Number         0  stm32f10x_tim.o ABSOLUTE
    ..\..\Libraries\FWlib\src\stm32f10x_usart.c 0x00000000   Number         0  stm32f10x_usart.o ABSOLUTE
    ..\..\Libraries\FWlib\src\stm32f10x_wwdg.c 0x00000000   Number         0  stm32f10x_wwdg.o ABSOLUTE
    ..\..\User\IIC\IOI2C.c                   0x00000000   Number         0  ioi2c.o ABSOLUTE
    ..\..\User\Key\bsp_key.c                 0x00000000   Number         0  bsp_key.o ABSOLUTE
    ..\..\User\LED\bsp_led.c                 0x00000000   Number         0  bsp_led.o ABSOLUTE
    ..\..\User\SysTick\bsp_SysTick.c         0x00000000   Number         0  bsp_systick.o ABSOLUTE
    ..\..\User\attitude_computation.c        0x00000000   Number         0  attitude_computation.o ABSOLUTE
    ..\..\User\control.c                     0x00000000   Number         0  control.o ABSOLUTE
    ..\..\User\data_transfer.c               0x00000000   Number         0  data_transfer.o ABSOLUTE
    ..\..\User\encoder\bsp_encoder.c         0x00000000   Number         0  bsp_encoder.o ABSOLUTE
    ..\..\User\init.c                        0x00000000   Number         0  init.o ABSOLUTE
    ..\..\User\kalman\kalman.c               0x00000000   Number         0  kalman.o ABSOLUTE
    ..\..\User\main.c                        0x00000000   Number         0  main.o ABSOLUTE
    ..\..\User\motor\bsp_motor.c             0x00000000   Number         0  bsp_motor.o ABSOLUTE
    ..\..\User\movement_control.c            0x00000000   Number         0  movement_control.o ABSOLUTE
    ..\..\User\mpu6050\bsp_mpu6050.c         0x00000000   Number         0  bsp_mpu6050.o ABSOLUTE
    ..\..\User\mpu6050_measure.c             0x00000000   Number         0  mpu6050_measure.o ABSOLUTE
    ..\..\User\scheduler.c                   0x00000000   Number         0  scheduler.o ABSOLUTE
    ..\..\User\stm32f10x_it.c                0x00000000   Number         0  stm32f10x_it.o ABSOLUTE
    ..\..\User\time.c                        0x00000000   Number         0  time.o ABSOLUTE
    ..\..\User\usart\bsp_usart1.c            0x00000000   Number         0  bsp_usart1.o ABSOLUTE
    ..\..\User\usart\bsp_usart2.c            0x00000000   Number         0  bsp_usart2.o ABSOLUTE
    ..\\..\\Libraries\\CMSIS\\core_cm3.c     0x00000000   Number         0  core_cm3.o ABSOLUTE
    cdrcmple.s                               0x00000000   Number         0  cdrcmple.o ABSOLUTE
    dc.s                                     0x00000000   Number         0  dc.o ABSOLUTE
    handlers.s                               0x00000000   Number         0  handlers.o ABSOLUTE
    init.s                                   0x00000000   Number         0  init.o ABSOLUTE
    RESET                                    0x08000000   Section      304  startup_stm32f10x_hd.o(RESET)
    .ARM.Collect$$$$00000000                 0x08000130   Section        0  entry.o(.ARM.Collect$$$$00000000)
    .ARM.Collect$$$$00000001                 0x08000130   Section        4  entry2.o(.ARM.Collect$$$$00000001)
    .ARM.Collect$$$$00000004                 0x08000134   Section        4  entry5.o(.ARM.Collect$$$$00000004)
    .ARM.Collect$$$$00000008                 0x08000138   Section        0  entry7b.o(.ARM.Collect$$$$00000008)
    .ARM.Collect$$$$0000000A                 0x08000138   Section        0  entry8b.o(.ARM.Collect$$$$0000000A)
    .ARM.Collect$$$$0000000B                 0x08000138   Section        8  entry9a.o(.ARM.Collect$$$$0000000B)
    .ARM.Collect$$$$0000000D                 0x08000140   Section        0  entry10a.o(.ARM.Collect$$$$0000000D)
    .ARM.Collect$$$$0000000F                 0x08000140   Section        0  entry11a.o(.ARM.Collect$$$$0000000F)
    .ARM.Collect$$$$00002712                 0x08000140   Section        4  entry2.o(.ARM.Collect$$$$00002712)
    __lit__00000000                          0x08000140   Data           4  entry2.o(.ARM.Collect$$$$00002712)
    .text                                    0x08000144   Section        0  scheduler.o(.text)
    .text                                    0x0800026c   Section        0  main.o(.text)
    .text                                    0x080002b8   Section        0  stm32f10x_it.o(.text)
    .text                                    0x080002d8   Section        0  kalman.o(.text)
    .text                                    0x080004c0   Section        0  mpu6050_measure.o(.text)
    .text                                    0x08000830   Section        0  time.o(.text)
    .text                                    0x080009fc   Section        0  attitude_computation.o(.text)
    .text                                    0x08000ad8   Section        0  control.o(.text)
    .text                                    0x08000b44   Section        0  data_transfer.o(.text)
    .text                                    0x08000c18   Section        0  movement_control.o(.text)
    .text                                    0x08000cb4   Section        0  init.o(.text)
    .text                                    0x08000cfc   Section        0  bsp_usart1.o(.text)
    .text                                    0x08000e78   Section        0  bsp_usart2.o(.text)
    .text                                    0x08000f58   Section        0  bsp_systick.o(.text)
    .text                                    0x08000fc0   Section        0  bsp_mpu6050.o(.text)
    .text                                    0x080011d4   Section        0  ioi2c.o(.text)
    .text                                    0x080016fc   Section        0  bsp_led.o(.text)
    .text                                    0x08001734   Section        0  bsp_motor.o(.text)
    .text                                    0x08001824   Section        0  bsp_encoder.o(.text)
    .text                                    0x08001a30   Section        0  bsp_key.o(.text)
    NVIC_Configuration                       0x08001a31   Thumb Code    32  bsp_key.o(.text)
    .text                                    0x08001ab0   Section       36  startup_stm32f10x_hd.o(.text)
    .text                                    0x08001ad4   Section        0  system_stm32f10x.o(.text)
    SetSysClockTo72                          0x08001ad5   Thumb Code   214  system_stm32f10x.o(.text)
    SetSysClock                              0x08001bab   Thumb Code     8  system_stm32f10x.o(.text)
    .text                                    0x08001cb4   Section        0  misc.o(.text)
    .text                                    0x08001d90   Section        0  stm32f10x_exti.o(.text)
    .text                                    0x08001eac   Section        0  stm32f10x_gpio.o(.text)
    .text                                    0x08002208   Section        0  stm32f10x_rcc.o(.text)
    .text                                    0x080025ac   Section        0  stm32f10x_tim.o(.text)
    TI4_Config                               0x08002a53   Thumb Code   130  stm32f10x_tim.o(.text)
    TI3_Config                               0x08002ae7   Thumb Code   122  stm32f10x_tim.o(.text)
    TI2_Config                               0x08002b7b   Thumb Code   130  stm32f10x_tim.o(.text)
    TI1_Config                               0x08002c0f   Thumb Code   108  stm32f10x_tim.o(.text)
    .text                                    0x080033c8   Section        0  stm32f10x_usart.o(.text)
    .text                                    0x080037d0   Section        0  fadd.o(.text)
    .text                                    0x08003880   Section        0  fmul.o(.text)
    .text                                    0x080038e4   Section        0  fdiv.o(.text)
    .text                                    0x08003960   Section        0  dmul.o(.text)
    .text                                    0x08003a44   Section        0  ddiv.o(.text)
    .text                                    0x08003b22   Section        0  fflti.o(.text)
    .text                                    0x08003b34   Section        0  ffltui.o(.text)
    .text                                    0x08003b3e   Section        0  ffixi.o(.text)
    .text                                    0x08003b70   Section        0  f2d.o(.text)
    .text                                    0x08003b96   Section        0  d2f.o(.text)
    .text                                    0x08003bce   Section        0  fepilogue.o(.text)
    .text                                    0x08003bce   Section        0  iusefp.o(.text)
    .text                                    0x08003c3c   Section        0  depilogue.o(.text)
    .text                                    0x08003cf6   Section        0  dadd.o(.text)
    .text                                    0x08003e44   Section       36  init.o(.text)
    .text                                    0x08003e68   Section        0  llshl.o(.text)
    .text                                    0x08003e86   Section        0  llushr.o(.text)
    .text                                    0x08003ea6   Section        0  llsshr.o(.text)
    .text                                    0x08003eca   Section        0  dscalb.o(.text)
    i.__0printf$bare                         0x08003ef8   Section        0  printfb.o(i.__0printf$bare)
    i.__ARM_fpclassify                       0x08003f08   Section        0  fpclassify.o(i.__ARM_fpclassify)
    i.__kernel_poly                          0x08003f30   Section        0  poly.o(i.__kernel_poly)
    i.__mathlib_dbl_infnan                   0x08003fda   Section        0  dunder.o(i.__mathlib_dbl_infnan)
    i.__mathlib_dbl_infnan2                  0x08003fe0   Section        0  dunder.o(i.__mathlib_dbl_infnan2)
    i.__mathlib_dbl_underflow                0x08003fe4   Section        0  dunder.o(i.__mathlib_dbl_underflow)
    i.__scatterload_copy                     0x08003ff4   Section       14  handlers.o(i.__scatterload_copy)
    i.__scatterload_null                     0x08004002   Section        2  handlers.o(i.__scatterload_null)
    i.__scatterload_zeroinit                 0x08004004   Section       14  handlers.o(i.__scatterload_zeroinit)
    i._printf_core                           0x08004012   Section        0  printfb.o(i._printf_core)
    _printf_core                             0x08004013   Thumb Code    34  printfb.o(i._printf_core)
    i.atan                                   0x08004034   Section        0  atan.o(i.atan)
    i.atan2                                  0x08004254   Section        0  atan2.o(i.atan2)
    .constdata                               0x080043d8   Section      152  atan.o(.constdata)
    atanhi                                   0x080043d8   Data          32  atan.o(.constdata)
    atanlo                                   0x080043f8   Data          32  atan.o(.constdata)
    aTodd                                    0x08004418   Data          40  atan.o(.constdata)
    aTeven                                   0x08004440   Data          48  atan.o(.constdata)
    .constdata                               0x08004470   Section        8  qnan.o(.constdata)
    .data                                    0x20000000   Section        4  main.o(.data)
    .data                                    0x20000004   Section        8  mpu6050_measure.o(.data)
    i                                        0x20000008   Data           4  mpu6050_measure.o(.data)
    .data                                    0x2000000c   Section        6  time.o(.data)
    .data                                    0x20000014   Section        8  control.o(.data)
    .data                                    0x2000001c   Section        1  data_transfer.o(.data)
    number                                   0x2000001c   Data           1  data_transfer.o(.data)
    .data                                    0x2000001d   Section        2  movement_control.o(.data)
    .data                                    0x20000020   Section        8  bsp_encoder.o(.data)
    llst                                     0x20000024   Data           2  bsp_encoder.o(.data)
    rlst                                     0x20000026   Data           2  bsp_encoder.o(.data)
    .data                                    0x20000028   Section       20  system_stm32f10x.o(.data)
    .data                                    0x2000003c   Section       20  stm32f10x_rcc.o(.data)
    APBAHBPrescTable                         0x2000003c   Data          16  stm32f10x_rcc.o(.data)
    ADCPrescTable                            0x2000004c   Data           4  stm32f10x_rcc.o(.data)
    .data                                    0x20000050   Section        4  stdout.o(.data)
    .bss                                     0x20000054   Section       14  scheduler.o(.bss)
    .bss                                     0x20000064   Section      452  attitude_computation.o(.bss)
    .bss                                     0x20000228   Section       20  data_transfer.o(.bss)
    STACK                                    0x20000240   Section     1024  startup_stm32f10x_hd.o(STACK)

    Global Symbols

    Symbol Name                              Value     Ov Type        Size  Object(Section)

    BuildAttributes$$THM_ISAv4$P$D$K$B$S$PE$A:L22UL41UL21$X:L11$S22US41US21$IEEE1$IW$USESV6$~STKCKD$USESV7$~SHL$OTIME$ROPI$IEEEX$EBA8$MICROLIB$REQ8$PRES8$EABIv2 0x00000000   Number         0  anon$$obj.o ABSOLUTE
    __ARM_use_no_argv                        0x00000000   Number         0  main.o ABSOLUTE
    __cpp_initialize__aeabi_                  - Undefined Weak Reference
    __cxa_finalize                            - Undefined Weak Reference
    __decompress                              - Undefined Weak Reference
    _clock_init                               - Undefined Weak Reference
    _microlib_exit                            - Undefined Weak Reference
    __Vectors_Size                           0x00000130   Number         0  startup_stm32f10x_hd.o ABSOLUTE
    __Vectors                                0x08000000   Data           4  startup_stm32f10x_hd.o(RESET)
    __Vectors_End                            0x08000130   Data           0  startup_stm32f10x_hd.o(RESET)
    __main                                   0x08000131   Thumb Code     0  entry.o(.ARM.Collect$$$$00000000)
    _main_stk                                0x08000131   Thumb Code     0  entry2.o(.ARM.Collect$$$$00000001)
    _main_scatterload                        0x08000135   Thumb Code     0  entry5.o(.ARM.Collect$$$$00000004)
    __main_after_scatterload                 0x08000139   Thumb Code     0  entry5.o(.ARM.Collect$$$$00000004)
    _main_clock                              0x08000139   Thumb Code     0  entry7b.o(.ARM.Collect$$$$00000008)
    _main_cpp_init                           0x08000139   Thumb Code     0  entry8b.o(.ARM.Collect$$$$0000000A)
    _main_init                               0x08000139   Thumb Code     0  entry9a.o(.ARM.Collect$$$$0000000B)
    __rt_final_cpp                           0x08000141   Thumb Code     0  entry10a.o(.ARM.Collect$$$$0000000D)
    __rt_final_exit                          0x08000141   Thumb Code     0  entry11a.o(.ARM.Collect$$$$0000000F)
    Loop_check                               0x08000145   Thumb Code    78  scheduler.o(.text)
    Loop_Init                                0x08000193   Thumb Code    20  scheduler.o(.text)
    Duty_50ms                                0x080001a7   Thumb Code     2  scheduler.o(.text)
    Duty_20ms                                0x080001a9   Thumb Code     2  scheduler.o(.text)
    Duty_10ms                                0x080001ab   Thumb Code     2  scheduler.o(.text)
    Duty_5ms                                 0x080001ad   Thumb Code    44  scheduler.o(.text)
    Duty_2ms                                 0x080001d9   Thumb Code    12  scheduler.o(.text)
    Duty_1ms                                 0x080001e5   Thumb Code     2  scheduler.o(.text)
    Duty_Loop                                0x080001e7   Thumb Code   122  scheduler.o(.text)
    main                                     0x0800026d   Thumb Code    36  main.o(.text)
    NMI_Handler                              0x080002b9   Thumb Code     2  stm32f10x_it.o(.text)
    HardFault_Handler                        0x080002bb   Thumb Code     4  stm32f10x_it.o(.text)
    MemManage_Handler                        0x080002bf   Thumb Code     4  stm32f10x_it.o(.text)
    BusFault_Handler                         0x080002c3   Thumb Code     4  stm32f10x_it.o(.text)
    UsageFault_Handler                       0x080002c7   Thumb Code     4  stm32f10x_it.o(.text)
    SVC_Handler                              0x080002cb   Thumb Code     2  stm32f10x_it.o(.text)
    DebugMon_Handler                         0x080002cd   Thumb Code     2  stm32f10x_it.o(.text)
    PendSV_Handler                           0x080002cf   Thumb Code     2  stm32f10x_it.o(.text)
    SysTick_Handler                          0x080002d1   Thumb Code     8  stm32f10x_it.o(.text)
    Kanman_Init                              0x080002d9   Thumb Code    82  kalman.o(.text)
    Kanman_Filter                            0x0800032b   Thumb Code   394  kalman.o(.text)
    mpu6050_init                             0x080004c1   Thumb Code    12  mpu6050_measure.o(.text)
    mpu6050_Temperature_Prepare              0x080004cd   Thumb Code    90  mpu6050_measure.o(.text)
    mpu6050_6axis_Prepare                    0x08000527   Thumb Code   500  mpu6050_measure.o(.text)
    mpu6050_Input_And_Measure                0x0800071b   Thumb Code    46  mpu6050_measure.o(.text)
    Accel_To_Angle                           0x08000749   Thumb Code   188  mpu6050_measure.o(.text)
    Delay_us                                 0x08000831   Thumb Code    54  time.o(.text)
    delay_us                                 0x08000867   Thumb Code    12  time.o(.text)
    Delay_Ms                                 0x08000873   Thumb Code    26  time.o(.text)
    delay_ms                                 0x0800088d   Thumb Code    12  time.o(.text)
    Delay_Us                                 0x08000899   Thumb Code    24  time.o(.text)
    Time_NVIC_Configuration                  0x080008b1   Thumb Code    58  time.o(.text)
    Time_Mode_Config                         0x080008eb   Thumb Code   132  time.o(.text)
    Time_Configuration                       0x0800096f   Thumb Code    12  time.o(.text)
    TIM4_IRQHandler                          0x0800097b   Thumb Code    18  time.o(.text)
    readnowtime                              0x0800098d   Thumb Code    42  time.o(.text)
    TIM2_IRQHandler                          0x080009b7   Thumb Code    50  time.o(.text)
    Attitude_Init                            0x080009fd   Thumb Code    42  attitude_computation.o(.text)
    Attitude_sensor_Read                     0x08000a27   Thumb Code    16  attitude_computation.o(.text)
    Attitude_sensor_Update                   0x08000a37   Thumb Code   126  attitude_computation.o(.text)
    Balance_Init                             0x08000ad9   Thumb Code    16  control.o(.text)
    Balance_Control                          0x08000ae9   Thumb Code    84  control.o(.text)
    Data_Analyze                             0x08000b45   Thumb Code    62  data_transfer.o(.text)
    Receive_Handle                           0x08000b83   Thumb Code   132  data_transfer.o(.text)
    Speed_OutPut                             0x08000c19   Thumb Code   112  movement_control.o(.text)
    Get_Speed                                0x08000c89   Thumb Code    20  movement_control.o(.text)
    Get_Direction                            0x08000c9d   Thumb Code    14  movement_control.o(.text)
    All_Init                                 0x08000cb5   Thumb Code    72  init.o(.text)
    NVIC_USART1_Configuration                0x08000cfd   Thumb Code    32  bsp_usart1.o(.text)
    USART1_Config                            0x08000d1d   Thumb Code   136  bsp_usart1.o(.text)
    fputc                                    0x08000da5   Thumb Code    32  bsp_usart1.o(.text)
    fgetc                                    0x08000dc5   Thumb Code    26  bsp_usart1.o(.text)
    USART1_IRQHandler                        0x08000ddf   Thumb Code    30  bsp_usart1.o(.text)
    printf_test                              0x08000dfd   Thumb Code    16  bsp_usart1.o(.text)
    NVIC_USART2_Configuration                0x08000e79   Thumb Code    32  bsp_usart2.o(.text)
    USART2_Config                            0x08000e99   Thumb Code   130  bsp_usart2.o(.text)
    USART2_IRQHandler                        0x08000f1b   Thumb Code    30  bsp_usart2.o(.text)
    SysTick_Init                             0x08000f59   Thumb Code    92  bsp_systick.o(.text)
    IIC_Read_nByte                           0x08000fc1   Thumb Code    28  bsp_mpu6050.o(.text)
    IIC_Write_1Byte                          0x08000fdd   Thumb Code    22  bsp_mpu6050.o(.text)
    MPU6050_setSleepEnabled                  0x08000ff3   Thumb Code    18  bsp_mpu6050.o(.text)
    MPU6050_setClockSource                   0x08001005   Thumb Code    20  bsp_mpu6050.o(.text)
    MPU6050_set_SMPLRT_DIV                   0x08001019   Thumb Code    28  bsp_mpu6050.o(.text)
    MPU6050_setFullScaleGyroRange            0x08001035   Thumb Code    36  bsp_mpu6050.o(.text)
    MPU6050_setFullScaleAccelRange           0x08001059   Thumb Code    36  bsp_mpu6050.o(.text)
    MPU6050_setDLPF                          0x0800107d   Thumb Code    20  bsp_mpu6050.o(.text)
    MPU6050_setI2CMasterModeEnabled          0x08001091   Thumb Code    18  bsp_mpu6050.o(.text)
    MPU6050_setI2CBypassEnabled              0x080010a3   Thumb Code    18  bsp_mpu6050.o(.text)
    MPU6050_Init                             0x080010b5   Thumb Code   184  bsp_mpu6050.o(.text)
    MPU6050_Read                             0x0800116d   Thumb Code   102  bsp_mpu6050.o(.text)
    IIC_Init                                 0x080011d5   Thumb Code    40  ioi2c.o(.text)
    IIC_Start                                0x080011fd   Thumb Code    96  ioi2c.o(.text)
    IIC_Stop                                 0x0800125d   Thumb Code    68  ioi2c.o(.text)
    IIC_Wait_Ack                             0x080012a1   Thumb Code    96  ioi2c.o(.text)
    IIC_Ack                                  0x08001301   Thumb Code    72  ioi2c.o(.text)
    IIC_NAck                                 0x08001349   Thumb Code    70  ioi2c.o(.text)
    IIC_Send_Byte                            0x0800138f   Thumb Code    94  ioi2c.o(.text)
    i2cWrite                                 0x080013ed   Thumb Code    96  ioi2c.o(.text)
    IIC_Read_Byte                            0x0800144d   Thumb Code   104  ioi2c.o(.text)
    i2cRead                                  0x080014b5   Thumb Code   118  ioi2c.o(.text)
    I2C_ReadOneByte                          0x0800152b   Thumb Code    70  ioi2c.o(.text)
    IICreadBytes                             0x08001571   Thumb Code   112  ioi2c.o(.text)
    IICwriteBytes                            0x080015e1   Thumb Code    70  ioi2c.o(.text)
    IICreadByte                              0x08001627   Thumb Code    22  ioi2c.o(.text)
    IICwriteByte                             0x0800163d   Thumb Code    20  ioi2c.o(.text)
    IICwriteBits                             0x08001651   Thumb Code   106  ioi2c.o(.text)
    IICwriteBit                              0x080016bb   Thumb Code    64  ioi2c.o(.text)
    LED_GPIO_Config                          0x080016fd   Thumb Code    50  bsp_led.o(.text)
    Motor_Init                               0x08001735   Thumb Code    40  bsp_motor.o(.text)
    LC_CHG                                   0x0800175d   Thumb Code    14  bsp_motor.o(.text)
    Left_Motor                               0x0800176b   Thumb Code    80  bsp_motor.o(.text)
    RC_CHG                                   0x080017bb   Thumb Code    14  bsp_motor.o(.text)
    Right_Motor                              0x080017c9   Thumb Code    82  bsp_motor.o(.text)
    TIM_Input_Output_GPIO_Config             0x08001825   Thumb Code    72  bsp_encoder.o(.text)
    TIM_Input_Output_NVIC_Configuration      0x0800186d   Thumb Code    64  bsp_encoder.o(.text)
    TIM_Input_Output_Mode_Config             0x080018ad   Thumb Code   264  bsp_encoder.o(.text)
    Encoder_Configuration                    0x080019b5   Thumb Code    16  bsp_encoder.o(.text)
    Get_Left_Speed                           0x080019c5   Thumb Code     6  bsp_encoder.o(.text)
    Get_Right_Speed                          0x080019cb   Thumb Code     6  bsp_encoder.o(.text)
    TIM1_CC_IRQHandler                       0x080019d1   Thumb Code    32  bsp_encoder.o(.text)
    TIM3_IRQHandler                          0x080019f1   Thumb Code    32  bsp_encoder.o(.text)
    EXTI_PA0_Config                          0x08001a51   Thumb Code    72  bsp_key.o(.text)
    EXTI0_IRQHandler                         0x08001a99   Thumb Code    18  bsp_key.o(.text)
    Reset_Handler                            0x08001ab1   Thumb Code     8  startup_stm32f10x_hd.o(.text)
    ADC1_2_IRQHandler                        0x08001acb   Thumb Code     0  startup_stm32f10x_hd.o(.text)
    ADC3_IRQHandler                          0x08001acb   Thumb Code     0  startup_stm32f10x_hd.o(.text)
    CAN1_RX1_IRQHandler                      0x08001acb   Thumb Code     0  startup_stm32f10x_hd.o(.text)
    CAN1_SCE_IRQHandler                      0x08001acb   Thumb Code     0  startup_stm32f10x_hd.o(.text)
    DMA1_Channel1_IRQHandler                 0x08001acb   Thumb Code     0  startup_stm32f10x_hd.o(.text)
    DMA1_Channel2_IRQHandler                 0x08001acb   Thumb Code     0  startup_stm32f10x_hd.o(.text)
    DMA1_Channel3_IRQHandler                 0x08001acb   Thumb Code     0  startup_stm32f10x_hd.o(.text)
    DMA1_Channel4_IRQHandler                 0x08001acb   Thumb Code     0  startup_stm32f10x_hd.o(.text)
    DMA1_Channel5_IRQHandler                 0x08001acb   Thumb Code     0  startup_stm32f10x_hd.o(.text)
    DMA1_Channel6_IRQHandler                 0x08001acb   Thumb Code     0  startup_stm32f10x_hd.o(.text)
    DMA1_Channel7_IRQHandler                 0x08001acb   Thumb Code     0  startup_stm32f10x_hd.o(.text)
    DMA2_Channel1_IRQHandler                 0x08001acb   Thumb Code     0  startup_stm32f10x_hd.o(.text)
    DMA2_Channel2_IRQHandler                 0x08001acb   Thumb Code     0  startup_stm32f10x_hd.o(.text)
    DMA2_Channel3_IRQHandler                 0x08001acb   Thumb Code     0  startup_stm32f10x_hd.o(.text)
    DMA2_Channel4_5_IRQHandler               0x08001acb   Thumb Code     0  startup_stm32f10x_hd.o(.text)
    EXTI15_10_IRQHandler                     0x08001acb   Thumb Code     0  startup_stm32f10x_hd.o(.text)
    EXTI1_IRQHandler                         0x08001acb   Thumb Code     0  startup_stm32f10x_hd.o(.text)
    EXTI2_IRQHandler                         0x08001acb   Thumb Code     0  startup_stm32f10x_hd.o(.text)
    EXTI3_IRQHandler                         0x08001acb   Thumb Code     0  startup_stm32f10x_hd.o(.text)
    EXTI4_IRQHandler                         0x08001acb   Thumb Code     0  startup_stm32f10x_hd.o(.text)
    EXTI9_5_IRQHandler                       0x08001acb   Thumb Code     0  startup_stm32f10x_hd.o(.text)
    FLASH_IRQHandler                         0x08001acb   Thumb Code     0  startup_stm32f10x_hd.o(.text)
    FSMC_IRQHandler                          0x08001acb   Thumb Code     0  startup_stm32f10x_hd.o(.text)
    I2C1_ER_IRQHandler                       0x08001acb   Thumb Code     0  startup_stm32f10x_hd.o(.text)
    I2C1_EV_IRQHandler                       0x08001acb   Thumb Code     0  startup_stm32f10x_hd.o(.text)
    I2C2_ER_IRQHandler                       0x08001acb   Thumb Code     0  startup_stm32f10x_hd.o(.text)
    I2C2_EV_IRQHandler                       0x08001acb   Thumb Code     0  startup_stm32f10x_hd.o(.text)
    PVD_IRQHandler                           0x08001acb   Thumb Code     0  startup_stm32f10x_hd.o(.text)
    RCC_IRQHandler                           0x08001acb   Thumb Code     0  startup_stm32f10x_hd.o(.text)
    RTCAlarm_IRQHandler                      0x08001acb   Thumb Code     0  startup_stm32f10x_hd.o(.text)
    RTC_IRQHandler                           0x08001acb   Thumb Code     0  startup_stm32f10x_hd.o(.text)
    SDIO_IRQHandler                          0x08001acb   Thumb Code     0  startup_stm32f10x_hd.o(.text)
    SPI1_IRQHandler                          0x08001acb   Thumb Code     0  startup_stm32f10x_hd.o(.text)
    SPI2_IRQHandler                          0x08001acb   Thumb Code     0  startup_stm32f10x_hd.o(.text)
    SPI3_IRQHandler                          0x08001acb   Thumb Code     0  startup_stm32f10x_hd.o(.text)
    TAMPER_IRQHandler                        0x08001acb   Thumb Code     0  startup_stm32f10x_hd.o(.text)
    TIM1_BRK_IRQHandler                      0x08001acb   Thumb Code     0  startup_stm32f10x_hd.o(.text)
    TIM1_TRG_COM_IRQHandler                  0x08001acb   Thumb Code     0  startup_stm32f10x_hd.o(.text)
    TIM1_UP_IRQHandler                       0x08001acb   Thumb Code     0  startup_stm32f10x_hd.o(.text)
    TIM5_IRQHandler                          0x08001acb   Thumb Code     0  startup_stm32f10x_hd.o(.text)
    TIM6_IRQHandler                          0x08001acb   Thumb Code     0  startup_stm32f10x_hd.o(.text)
    TIM7_IRQHandler                          0x08001acb   Thumb Code     0  startup_stm32f10x_hd.o(.text)
    TIM8_BRK_IRQHandler                      0x08001acb   Thumb Code     0  startup_stm32f10x_hd.o(.text)
    TIM8_CC_IRQHandler                       0x08001acb   Thumb Code     0  startup_stm32f10x_hd.o(.text)
    TIM8_TRG_COM_IRQHandler                  0x08001acb   Thumb Code     0  startup_stm32f10x_hd.o(.text)
    TIM8_UP_IRQHandler                       0x08001acb   Thumb Code     0  startup_stm32f10x_hd.o(.text)
    UART4_IRQHandler                         0x08001acb   Thumb Code     0  startup_stm32f10x_hd.o(.text)
    UART5_IRQHandler                         0x08001acb   Thumb Code     0  startup_stm32f10x_hd.o(.text)
    USART3_IRQHandler                        0x08001acb   Thumb Code     0  startup_stm32f10x_hd.o(.text)
    USBWakeUp_IRQHandler                     0x08001acb   Thumb Code     0  startup_stm32f10x_hd.o(.text)
    USB_HP_CAN1_TX_IRQHandler                0x08001acb   Thumb Code     0  startup_stm32f10x_hd.o(.text)
    USB_LP_CAN1_RX0_IRQHandler               0x08001acb   Thumb Code     0  startup_stm32f10x_hd.o(.text)
    WWDG_IRQHandler                          0x08001acb   Thumb Code     0  startup_stm32f10x_hd.o(.text)
    SystemInit                               0x08001bb3   Thumb Code    78  system_stm32f10x.o(.text)
    SystemCoreClockUpdate                    0x08001c01   Thumb Code   142  system_stm32f10x.o(.text)
    NVIC_PriorityGroupConfig                 0x08001cb5   Thumb Code    10  misc.o(.text)
    NVIC_Init                                0x08001cbf   Thumb Code   100  misc.o(.text)
    NVIC_SetVectorTable                      0x08001d23   Thumb Code    14  misc.o(.text)
    NVIC_SystemLPConfig                      0x08001d31   Thumb Code    34  misc.o(.text)
    SysTick_CLKSourceConfig                  0x08001d53   Thumb Code    40  misc.o(.text)
    EXTI_DeInit                              0x08001d91   Thumb Code    28  stm32f10x_exti.o(.text)
    EXTI_Init                                0x08001dad   Thumb Code   142  stm32f10x_exti.o(.text)
    EXTI_StructInit                          0x08001e3b   Thumb Code    16  stm32f10x_exti.o(.text)
    EXTI_GenerateSWInterrupt                 0x08001e4b   Thumb Code    16  stm32f10x_exti.o(.text)
    EXTI_GetFlagStatus                       0x08001e5b   Thumb Code    22  stm32f10x_exti.o(.text)
    EXTI_ClearFlag                           0x08001e71   Thumb Code     8  stm32f10x_exti.o(.text)
    EXTI_GetITStatus                         0x08001e79   Thumb Code    34  stm32f10x_exti.o(.text)
    EXTI_ClearITPendingBit                   0x08001e9b   Thumb Code     8  stm32f10x_exti.o(.text)
    GPIO_DeInit                              0x08001ead   Thumb Code   172  stm32f10x_gpio.o(.text)
    GPIO_AFIODeInit                          0x08001f59   Thumb Code    20  stm32f10x_gpio.o(.text)
    GPIO_Init                                0x08001f6d   Thumb Code   278  stm32f10x_gpio.o(.text)
    GPIO_StructInit                          0x08002083   Thumb Code    16  stm32f10x_gpio.o(.text)
    GPIO_ReadInputDataBit                    0x08002093   Thumb Code    18  stm32f10x_gpio.o(.text)
    GPIO_ReadInputData                       0x080020a5   Thumb Code     8  stm32f10x_gpio.o(.text)
    GPIO_ReadOutputDataBit                   0x080020ad   Thumb Code    18  stm32f10x_gpio.o(.text)
    GPIO_ReadOutputData                      0x080020bf   Thumb Code     8  stm32f10x_gpio.o(.text)
    GPIO_SetBits                             0x080020c7   Thumb Code     4  stm32f10x_gpio.o(.text)
    GPIO_ResetBits                           0x080020cb   Thumb Code     4  stm32f10x_gpio.o(.text)
    GPIO_WriteBit                            0x080020cf   Thumb Code    10  stm32f10x_gpio.o(.text)
    GPIO_Write                               0x080020d9   Thumb Code     4  stm32f10x_gpio.o(.text)
    GPIO_PinLockConfig                       0x080020dd   Thumb Code    18  stm32f10x_gpio.o(.text)
    GPIO_EventOutputConfig                   0x080020ef   Thumb Code    26  stm32f10x_gpio.o(.text)
    GPIO_EventOutputCmd                      0x08002109   Thumb Code     6  stm32f10x_gpio.o(.text)
    GPIO_PinRemapConfig                      0x0800210f   Thumb Code   138  stm32f10x_gpio.o(.text)
    GPIO_EXTILineConfig                      0x08002199   Thumb Code    66  stm32f10x_gpio.o(.text)
    GPIO_ETH_MediaInterfaceConfig            0x080021db   Thumb Code     8  stm32f10x_gpio.o(.text)
    RCC_DeInit                               0x08002209   Thumb Code    64  stm32f10x_rcc.o(.text)
    RCC_HSEConfig                            0x08002249   Thumb Code    70  stm32f10x_rcc.o(.text)
    RCC_GetFlagStatus                        0x0800228f   Thumb Code    56  stm32f10x_rcc.o(.text)
    RCC_WaitForHSEStartUp                    0x080022c7   Thumb Code    56  stm32f10x_rcc.o(.text)
    RCC_AdjustHSICalibrationValue            0x080022ff   Thumb Code    20  stm32f10x_rcc.o(.text)
    RCC_HSICmd                               0x08002313   Thumb Code     6  stm32f10x_rcc.o(.text)
    RCC_PLLConfig                            0x08002319   Thumb Code    24  stm32f10x_rcc.o(.text)
    RCC_PLLCmd                               0x08002331   Thumb Code     6  stm32f10x_rcc.o(.text)
    RCC_SYSCLKConfig                         0x08002337   Thumb Code    18  stm32f10x_rcc.o(.text)
    RCC_GetSYSCLKSource                      0x08002349   Thumb Code    10  stm32f10x_rcc.o(.text)
    RCC_HCLKConfig                           0x08002353   Thumb Code    18  stm32f10x_rcc.o(.text)
    RCC_PCLK1Config                          0x08002365   Thumb Code    18  stm32f10x_rcc.o(.text)
    RCC_PCLK2Config                          0x08002377   Thumb Code    20  stm32f10x_rcc.o(.text)
    RCC_ITConfig                             0x0800238b   Thumb Code    26  stm32f10x_rcc.o(.text)
    RCC_USBCLKConfig                         0x080023a5   Thumb Code     8  stm32f10x_rcc.o(.text)
    RCC_ADCCLKConfig                         0x080023ad   Thumb Code    18  stm32f10x_rcc.o(.text)
    RCC_LSEConfig                            0x080023bf   Thumb Code    50  stm32f10x_rcc.o(.text)
    RCC_LSICmd                               0x080023f1   Thumb Code     6  stm32f10x_rcc.o(.text)
    RCC_RTCCLKConfig                         0x080023f7   Thumb Code    12  stm32f10x_rcc.o(.text)
    RCC_RTCCLKCmd                            0x08002403   Thumb Code     8  stm32f10x_rcc.o(.text)
    RCC_GetClocksFreq                        0x0800240b   Thumb Code   192  stm32f10x_rcc.o(.text)
    RCC_AHBPeriphClockCmd                    0x080024cb   Thumb Code    26  stm32f10x_rcc.o(.text)
    RCC_APB2PeriphClockCmd                   0x080024e5   Thumb Code    26  stm32f10x_rcc.o(.text)
    RCC_APB1PeriphClockCmd                   0x080024ff   Thumb Code    26  stm32f10x_rcc.o(.text)
    RCC_APB2PeriphResetCmd                   0x08002519   Thumb Code    26  stm32f10x_rcc.o(.text)
    RCC_APB1PeriphResetCmd                   0x08002533   Thumb Code    26  stm32f10x_rcc.o(.text)
    RCC_BackupResetCmd                       0x0800254d   Thumb Code     8  stm32f10x_rcc.o(.text)
    RCC_ClockSecuritySystemCmd               0x08002555   Thumb Code     6  stm32f10x_rcc.o(.text)
    RCC_MCOConfig                            0x0800255b   Thumb Code     6  stm32f10x_rcc.o(.text)
    RCC_ClearFlag                            0x08002561   Thumb Code    14  stm32f10x_rcc.o(.text)
    RCC_GetITStatus                          0x0800256f   Thumb Code    20  stm32f10x_rcc.o(.text)
    RCC_ClearITPendingBit                    0x08002583   Thumb Code     6  stm32f10x_rcc.o(.text)
    TIM_DeInit                               0x080025ad   Thumb Code   424  stm32f10x_tim.o(.text)
    TIM_TimeBaseInit                         0x08002755   Thumb Code   122  stm32f10x_tim.o(.text)
    TIM_OC1Init                              0x080027cf   Thumb Code   132  stm32f10x_tim.o(.text)
    TIM_OC2Init                              0x08002853   Thumb Code   154  stm32f10x_tim.o(.text)
    TIM_OC3Init                              0x080028ed   Thumb Code   150  stm32f10x_tim.o(.text)
    TIM_OC4Init                              0x08002983   Thumb Code   182  stm32f10x_tim.o(.text)
    TIM_SetIC4Prescaler                      0x08002a39   Thumb Code    26  stm32f10x_tim.o(.text)
    TIM_SetIC3Prescaler                      0x08002ad5   Thumb Code    18  stm32f10x_tim.o(.text)
    TIM_SetIC2Prescaler                      0x08002b61   Thumb Code    26  stm32f10x_tim.o(.text)
    TIM_SetIC1Prescaler                      0x08002bfd   Thumb Code    18  stm32f10x_tim.o(.text)
    TIM_ICInit                               0x08002c7b   Thumb Code   150  stm32f10x_tim.o(.text)
    TIM_PWMIConfig                           0x08002d11   Thumb Code   124  stm32f10x_tim.o(.text)
    TIM_BDTRConfig                           0x08002d8d   Thumb Code    32  stm32f10x_tim.o(.text)
    TIM_TimeBaseStructInit                   0x08002dad   Thumb Code    18  stm32f10x_tim.o(.text)
    TIM_OCStructInit                         0x08002dbf   Thumb Code    20  stm32f10x_tim.o(.text)
    TIM_ICStructInit                         0x08002dd3   Thumb Code    18  stm32f10x_tim.o(.text)
    TIM_BDTRStructInit                       0x08002de5   Thumb Code    40  stm32f10x_tim.o(.text)
    TIM_Cmd                                  0x08002e0d   Thumb Code    24  stm32f10x_tim.o(.text)
    TIM_CtrlPWMOutputs                       0x08002e25   Thumb Code    30  stm32f10x_tim.o(.text)
    TIM_ITConfig                             0x08002e43   Thumb Code    18  stm32f10x_tim.o(.text)
    TIM_GenerateEvent                        0x08002e55   Thumb Code     4  stm32f10x_tim.o(.text)
    TIM_DMAConfig                            0x08002e59   Thumb Code    10  stm32f10x_tim.o(.text)
    TIM_DMACmd                               0x08002e63   Thumb Code    18  stm32f10x_tim.o(.text)
    TIM_InternalClockConfig                  0x08002e75   Thumb Code    12  stm32f10x_tim.o(.text)
    TIM_SelectInputTrigger                   0x08002e81   Thumb Code    18  stm32f10x_tim.o(.text)
    TIM_ITRxExternalClockConfig              0x08002e93   Thumb Code    24  stm32f10x_tim.o(.text)
    TIM_TIxExternalClockConfig               0x08002eab   Thumb Code    62  stm32f10x_tim.o(.text)
    TIM_ETRConfig                            0x08002ee9   Thumb Code    28  stm32f10x_tim.o(.text)
    TIM_ETRClockMode1Config                  0x08002f05   Thumb Code    54  stm32f10x_tim.o(.text)
    TIM_ETRClockMode2Config                  0x08002f3b   Thumb Code    32  stm32f10x_tim.o(.text)
    TIM_PrescalerConfig                      0x08002f5b   Thumb Code     6  stm32f10x_tim.o(.text)
    TIM_CounterModeConfig                    0x08002f61   Thumb Code    18  stm32f10x_tim.o(.text)
    TIM_EncoderInterfaceConfig               0x08002f73   Thumb Code    66  stm32f10x_tim.o(.text)
    TIM_ForcedOC1Config                      0x08002fb5   Thumb Code    18  stm32f10x_tim.o(.text)
    TIM_ForcedOC2Config                      0x08002fc7   Thumb Code    26  stm32f10x_tim.o(.text)
    TIM_ForcedOC3Config                      0x08002fe1   Thumb Code    18  stm32f10x_tim.o(.text)
    TIM_ForcedOC4Config                      0x08002ff3   Thumb Code    26  stm32f10x_tim.o(.text)
    TIM_ARRPreloadConfig                     0x0800300d   Thumb Code    24  stm32f10x_tim.o(.text)
    TIM_SelectCOM                            0x08003025   Thumb Code    24  stm32f10x_tim.o(.text)
    TIM_SelectCCDMA                          0x0800303d   Thumb Code    24  stm32f10x_tim.o(.text)
    TIM_CCPreloadControl                     0x08003055   Thumb Code    24  stm32f10x_tim.o(.text)
    TIM_OC1PreloadConfig                     0x0800306d   Thumb Code    18  stm32f10x_tim.o(.text)
    TIM_OC2PreloadConfig                     0x0800307f   Thumb Code    26  stm32f10x_tim.o(.text)
    TIM_OC3PreloadConfig                     0x08003099   Thumb Code    18  stm32f10x_tim.o(.text)
    TIM_OC4PreloadConfig                     0x080030ab   Thumb Code    26  stm32f10x_tim.o(.text)
    TIM_OC1FastConfig                        0x080030c5   Thumb Code    18  stm32f10x_tim.o(.text)
    TIM_OC2FastConfig                        0x080030d7   Thumb Code    26  stm32f10x_tim.o(.text)
    TIM_OC3FastConfig                        0x080030f1   Thumb Code    18  stm32f10x_tim.o(.text)
    TIM_OC4FastConfig                        0x08003103   Thumb Code    26  stm32f10x_tim.o(.text)
    TIM_ClearOC1Ref                          0x0800311d   Thumb Code    18  stm32f10x_tim.o(.text)
    TIM_ClearOC2Ref                          0x0800312f   Thumb Code    24  stm32f10x_tim.o(.text)
    TIM_ClearOC3Ref                          0x08003147   Thumb Code    18  stm32f10x_tim.o(.text)
    TIM_ClearOC4Ref                          0x08003159   Thumb Code    24  stm32f10x_tim.o(.text)
    TIM_OC1PolarityConfig                    0x08003171   Thumb Code    18  stm32f10x_tim.o(.text)
    TIM_OC1NPolarityConfig                   0x08003183   Thumb Code    18  stm32f10x_tim.o(.text)
    TIM_OC2PolarityConfig                    0x08003195   Thumb Code    26  stm32f10x_tim.o(.text)
    TIM_OC2NPolarityConfig                   0x080031af   Thumb Code    26  stm32f10x_tim.o(.text)
    TIM_OC3PolarityConfig                    0x080031c9   Thumb Code    26  stm32f10x_tim.o(.text)
    TIM_OC3NPolarityConfig                   0x080031e3   Thumb Code    26  stm32f10x_tim.o(.text)
    TIM_OC4PolarityConfig                    0x080031fd   Thumb Code    26  stm32f10x_tim.o(.text)
    TIM_CCxCmd                               0x08003217   Thumb Code    30  stm32f10x_tim.o(.text)
    TIM_CCxNCmd                              0x08003235   Thumb Code    30  stm32f10x_tim.o(.text)
    TIM_SelectOCxM                           0x08003253   Thumb Code    82  stm32f10x_tim.o(.text)
    TIM_UpdateDisableConfig                  0x080032a5   Thumb Code    24  stm32f10x_tim.o(.text)
    TIM_UpdateRequestConfig                  0x080032bd   Thumb Code    24  stm32f10x_tim.o(.text)
    TIM_SelectHallSensor                     0x080032d5   Thumb Code    24  stm32f10x_tim.o(.text)
    TIM_SelectOnePulseMode                   0x080032ed   Thumb Code    18  stm32f10x_tim.o(.text)
    TIM_SelectOutputTrigger                  0x080032ff   Thumb Code    18  stm32f10x_tim.o(.text)
    TIM_SelectSlaveMode                      0x08003311   Thumb Code    18  stm32f10x_tim.o(.text)
    TIM_SelectMasterSlaveMode                0x08003323   Thumb Code    18  stm32f10x_tim.o(.text)
    TIM_SetCounter                           0x08003335   Thumb Code     4  stm32f10x_tim.o(.text)
    TIM_SetAutoreload                        0x08003339   Thumb Code     4  stm32f10x_tim.o(.text)
    TIM_SetCompare1                          0x0800333d   Thumb Code     4  stm32f10x_tim.o(.text)
    TIM_SetCompare2                          0x08003341   Thumb Code     4  stm32f10x_tim.o(.text)
    TIM_SetCompare3                          0x08003345   Thumb Code     4  stm32f10x_tim.o(.text)
    TIM_SetCompare4                          0x08003349   Thumb Code     6  stm32f10x_tim.o(.text)
    TIM_SetClockDivision                     0x0800334f   Thumb Code    18  stm32f10x_tim.o(.text)
    TIM_GetCapture1                          0x08003361   Thumb Code     6  stm32f10x_tim.o(.text)
    TIM_GetCapture2                          0x08003367   Thumb Code     6  stm32f10x_tim.o(.text)
    TIM_GetCapture3                          0x0800336d   Thumb Code     6  stm32f10x_tim.o(.text)
    TIM_GetCapture4                          0x08003373   Thumb Code     8  stm32f10x_tim.o(.text)
    TIM_GetCounter                           0x0800337b   Thumb Code     6  stm32f10x_tim.o(.text)
    TIM_GetPrescaler                         0x08003381   Thumb Code     6  stm32f10x_tim.o(.text)
    TIM_GetFlagStatus                        0x08003387   Thumb Code    18  stm32f10x_tim.o(.text)
    TIM_ClearFlag                            0x08003399   Thumb Code     6  stm32f10x_tim.o(.text)
    TIM_GetITStatus                          0x0800339f   Thumb Code    34  stm32f10x_tim.o(.text)
    TIM_ClearITPendingBit                    0x080033c1   Thumb Code     6  stm32f10x_tim.o(.text)
    USART_DeInit                             0x080033c9   Thumb Code   134  stm32f10x_usart.o(.text)
    USART_Init                               0x0800344f   Thumb Code   210  stm32f10x_usart.o(.text)
    USART_StructInit                         0x08003521   Thumb Code    24  stm32f10x_usart.o(.text)
    USART_ClockInit                          0x08003539   Thumb Code    34  stm32f10x_usart.o(.text)
    USART_ClockStructInit                    0x0800355b   Thumb Code    12  stm32f10x_usart.o(.text)
    USART_Cmd                                0x08003567   Thumb Code    24  stm32f10x_usart.o(.text)
    USART_ITConfig                           0x0800357f   Thumb Code    74  stm32f10x_usart.o(.text)
    USART_DMACmd                             0x080035c9   Thumb Code    18  stm32f10x_usart.o(.text)
    USART_SetAddress                         0x080035db   Thumb Code    18  stm32f10x_usart.o(.text)
    USART_WakeUpConfig                       0x080035ed   Thumb Code    18  stm32f10x_usart.o(.text)
    USART_ReceiverWakeUpCmd                  0x080035ff   Thumb Code    24  stm32f10x_usart.o(.text)
    USART_LINBreakDetectLengthConfig         0x08003617   Thumb Code    18  stm32f10x_usart.o(.text)
    USART_LINCmd                             0x08003629   Thumb Code    24  stm32f10x_usart.o(.text)
    USART_SendData                           0x08003641   Thumb Code     8  stm32f10x_usart.o(.text)
    USART_ReceiveData                        0x08003649   Thumb Code    10  stm32f10x_usart.o(.text)
    USART_SendBreak                          0x08003653   Thumb Code    10  stm32f10x_usart.o(.text)
    USART_SetGuardTime                       0x0800365d   Thumb Code    16  stm32f10x_usart.o(.text)
    USART_SetPrescaler                       0x0800366d   Thumb Code    16  stm32f10x_usart.o(.text)
    USART_SmartCardCmd                       0x0800367d   Thumb Code    24  stm32f10x_usart.o(.text)
    USART_SmartCardNACKCmd                   0x08003695   Thumb Code    24  stm32f10x_usart.o(.text)
    USART_HalfDuplexCmd                      0x080036ad   Thumb Code    24  stm32f10x_usart.o(.text)
    USART_OverSampling8Cmd                   0x080036c5   Thumb Code    22  stm32f10x_usart.o(.text)
    USART_OneBitMethodCmd                    0x080036db   Thumb Code    24  stm32f10x_usart.o(.text)
    USART_IrDAConfig                         0x080036f3   Thumb Code    18  stm32f10x_usart.o(.text)
    USART_IrDACmd                            0x08003705   Thumb Code    24  stm32f10x_usart.o(.text)
    USART_GetFlagStatus                      0x0800371d   Thumb Code    26  stm32f10x_usart.o(.text)
    USART_ClearFlag                          0x08003737   Thumb Code    18  stm32f10x_usart.o(.text)
    USART_GetITStatus                        0x08003749   Thumb Code    84  stm32f10x_usart.o(.text)
    USART_ClearITPendingBit                  0x0800379d   Thumb Code    52  stm32f10x_usart.o(.text)
    __aeabi_fadd                             0x080037d1   Thumb Code   164  fadd.o(.text)
    __aeabi_fsub                             0x08003875   Thumb Code     6  fadd.o(.text)
    __aeabi_frsub                            0x0800387b   Thumb Code     6  fadd.o(.text)
    __aeabi_fmul                             0x08003881   Thumb Code   100  fmul.o(.text)
    __aeabi_fdiv                             0x080038e5   Thumb Code   124  fdiv.o(.text)
    __aeabi_dmul                             0x08003961   Thumb Code   228  dmul.o(.text)
    __aeabi_ddiv                             0x08003a45   Thumb Code   222  ddiv.o(.text)
    __aeabi_i2f                              0x08003b23   Thumb Code    18  fflti.o(.text)
    __aeabi_ui2f                             0x08003b35   Thumb Code    10  ffltui.o(.text)
    __aeabi_f2iz                             0x08003b3f   Thumb Code    50  ffixi.o(.text)
    __aeabi_f2d                              0x08003b71   Thumb Code    38  f2d.o(.text)
    __aeabi_d2f                              0x08003b97   Thumb Code    56  d2f.o(.text)
    __I$use$fp                               0x08003bcf   Thumb Code     0  iusefp.o(.text)
    _float_round                             0x08003bcf   Thumb Code    18  fepilogue.o(.text)
    _float_epilogue                          0x08003be1   Thumb Code    92  fepilogue.o(.text)
    _double_round                            0x08003c3d   Thumb Code    30  depilogue.o(.text)
    _double_epilogue                         0x08003c5b   Thumb Code   156  depilogue.o(.text)
    __aeabi_dadd                             0x08003cf7   Thumb Code   322  dadd.o(.text)
    __aeabi_dsub                             0x08003e39   Thumb Code     6  dadd.o(.text)
    __aeabi_drsub                            0x08003e3f   Thumb Code     6  dadd.o(.text)
    __scatterload                            0x08003e45   Thumb Code    28  init.o(.text)
    __scatterload_rt2                        0x08003e45   Thumb Code     0  init.o(.text)
    __aeabi_llsl                             0x08003e69   Thumb Code    30  llshl.o(.text)
    _ll_shift_l                              0x08003e69   Thumb Code     0  llshl.o(.text)
    __aeabi_llsr                             0x08003e87   Thumb Code    32  llushr.o(.text)
    _ll_ushift_r                             0x08003e87   Thumb Code     0  llushr.o(.text)
    __aeabi_lasr                             0x08003ea7   Thumb Code    36  llsshr.o(.text)
    _ll_sshift_r                             0x08003ea7   Thumb Code     0  llsshr.o(.text)
    __ARM_scalbn                             0x08003ecb   Thumb Code    46  dscalb.o(.text)
    scalbn                                   0x08003ecb   Thumb Code     0  dscalb.o(.text)
    __0printf$bare                           0x08003ef9   Thumb Code     8  printfb.o(i.__0printf$bare)
    __1printf$bare                           0x08003ef9   Thumb Code     0  printfb.o(i.__0printf$bare)
    __2printf                                0x08003ef9   Thumb Code     0  printfb.o(i.__0printf$bare)
    __ARM_fpclassify                         0x08003f09   Thumb Code    40  fpclassify.o(i.__ARM_fpclassify)
    __kernel_poly                            0x08003f31   Thumb Code   170  poly.o(i.__kernel_poly)
    __mathlib_dbl_infnan                     0x08003fdb   Thumb Code     6  dunder.o(i.__mathlib_dbl_infnan)
    __mathlib_dbl_infnan2                    0x08003fe1   Thumb Code     4  dunder.o(i.__mathlib_dbl_infnan2)
    __mathlib_dbl_underflow                  0x08003fe5   Thumb Code    10  dunder.o(i.__mathlib_dbl_underflow)
    __scatterload_copy                       0x08003ff5   Thumb Code    14  handlers.o(i.__scatterload_copy)
    __scatterload_null                       0x08004003   Thumb Code     2  handlers.o(i.__scatterload_null)
    __scatterload_zeroinit                   0x08004005   Thumb Code    14  handlers.o(i.__scatterload_zeroinit)
    atan                                     0x08004035   Thumb Code   474  atan.o(i.atan)
    atan2                                    0x08004255   Thumb Code   346  atan2.o(i.atan2)
    __mathlib_zero                           0x08004470   Data           8  qnan.o(.constdata)
    Region$$Table$$Base                      0x08004478   Number         0  anon$$obj.o(Region$$Table)
    Region$$Table$$Limit                     0x08004498   Number         0  anon$$obj.o(Region$$Table)
    init_error                               0x20000000   Data           4  main.o(.data)
    TEM_LPF                                  0x20000004   Data           4  mpu6050_measure.o(.data)
    go_onflag                                0x2000000c   Data           2  time.o(.data)
    Rrepeati                                 0x2000000e   Data           2  time.o(.data)
    Rrepeatj                                 0x20000010   Data           2  time.o(.data)
    kp                                       0x20000014   Data           4  control.o(.data)
    kd                                       0x20000018   Data           4  control.o(.data)
    Direction_Left                           0x2000001d   Data           1  movement_control.o(.data)
    Rirection_Right                          0x2000001e   Data           1  movement_control.o(.data)
    Lhighlowtime                             0x20000020   Data           2  bsp_encoder.o(.data)
    Rhighlowtime                             0x20000022   Data           2  bsp_encoder.o(.data)
    SystemCoreClock                          0x20000028   Data           4  system_stm32f10x.o(.data)
    AHBPrescTable                            0x2000002c   Data          16  system_stm32f10x.o(.data)
    __stdout                                 0x20000050   Data           4  stdout.o(.data)
    loop                                     0x20000054   Data          14  scheduler.o(.bss)
    mpu6050                                  0x20000064   Data          28  attitude_computation.o(.bss)
    mpu6050_output                           0x20000080   Data         172  attitude_computation.o(.bss)
    atti_x                                   0x2000012c   Data          96  attitude_computation.o(.bss)
    atti_y                                   0x2000018c   Data          96  attitude_computation.o(.bss)
    Gyro_mpu6050_out                         0x200001ec   Data          12  attitude_computation.o(.bss)
    Accel                                    0x200001f8   Data          12  attitude_computation.o(.bss)
    Angle_estimate                           0x20000204   Data          12  attitude_computation.o(.bss)
    Gyro                                     0x20000210   Data          12  attitude_computation.o(.bss)
    Angle                                    0x2000021c   Data          12  attitude_computation.o(.bss)
    buff                                     0x20000228   Data          20  data_transfer.o(.bss)
    __initial_sp                             0x20000640   Data           0  startup_stm32f10x_hd.o(STACK)



==============================================================================

Memory Map of the image

  Image Entry point : 0x08000131

  Load Region LR_IROM1 (Base: 0x08000000, Size: 0x000044ec, Max: 0x00010000, ABSOLUTE)

    Execution Region ER_IROM1 (Base: 0x08000000, Size: 0x00004498, Max: 0x00010000, ABSOLUTE)

    Base Addr    Size         Type   Attr      Idx    E Section Name        Object

    0x08000000   0x00000130   Data   RO          409    RESET               startup_stm32f10x_hd.o
    0x08000130   0x00000000   Code   RO          777  * .ARM.Collect$$$$00000000  mc_w.l(entry.o)
    0x08000130   0x00000004   Code   RO         1085    .ARM.Collect$$$$00000001  mc_w.l(entry2.o)
    0x08000134   0x00000004   Code   RO         1088    .ARM.Collect$$$$00000004  mc_w.l(entry5.o)
    0x08000138   0x00000000   Code   RO         1090    .ARM.Collect$$$$00000008  mc_w.l(entry7b.o)
    0x08000138   0x00000000   Code   RO         1092    .ARM.Collect$$$$0000000A  mc_w.l(entry8b.o)
    0x08000138   0x00000008   Code   RO         1093    .ARM.Collect$$$$0000000B  mc_w.l(entry9a.o)
    0x08000140   0x00000000   Code   RO         1095    .ARM.Collect$$$$0000000D  mc_w.l(entry10a.o)
    0x08000140   0x00000000   Code   RO         1097    .ARM.Collect$$$$0000000F  mc_w.l(entry11a.o)
    0x08000140   0x00000004   Code   RO         1086    .ARM.Collect$$$$00002712  mc_w.l(entry2.o)
    0x08000144   0x00000128   Code   RO            1    .text               scheduler.o
    0x0800026c   0x0000004c   Code   RO           94    .text               main.o
    0x080002b8   0x00000020   Code   RO          125    .text               stm32f10x_it.o
    0x080002d8   0x000001e8   Code   RO          140    .text               kalman.o
    0x080004c0   0x00000370   Code   RO          155    .text               mpu6050_measure.o
    0x08000830   0x000001cc   Code   RO          170    .text               time.o
    0x080009fc   0x000000dc   Code   RO          185    .text               attitude_computation.o
    0x08000ad8   0x0000006c   Code   RO          206    .text               control.o
    0x08000b44   0x000000d4   Code   RO          224    .text               data_transfer.o
    0x08000c18   0x0000009c   Code   RO          243    .text               movement_control.o
    0x08000cb4   0x00000048   Code   RO          267    .text               init.o
    0x08000cfc   0x0000017c   Code   RO          288    .text               bsp_usart1.o
    0x08000e78   0x000000e0   Code   RO          300    .text               bsp_usart2.o
    0x08000f58   0x00000068   Code   RO          312    .text               bsp_systick.o
    0x08000fc0   0x00000212   Code   RO          328    .text               bsp_mpu6050.o
    0x080011d2   0x00000002   PAD
    0x080011d4   0x00000526   Code   RO          344    .text               ioi2c.o
    0x080016fa   0x00000002   PAD
    0x080016fc   0x00000038   Code   RO          356    .text               bsp_led.o
    0x08001734   0x000000f0   Code   RO          368    .text               bsp_motor.o
    0x08001824   0x0000020c   Code   RO          380    .text               bsp_encoder.o
    0x08001a30   0x00000080   Code   RO          395    .text               bsp_key.o
    0x08001ab0   0x00000024   Code   RO          410    .text               startup_stm32f10x_hd.o
    0x08001ad4   0x000001e0   Code   RO          425    .text               system_stm32f10x.o
    0x08001cb4   0x000000dc   Code   RO          443    .text               misc.o
    0x08001d90   0x0000011c   Code   RO          575    .text               stm32f10x_exti.o
    0x08001eac   0x0000035c   Code   RO          617    .text               stm32f10x_gpio.o
    0x08002208   0x000003a4   Code   RO          671    .text               stm32f10x_rcc.o
    0x080025ac   0x00000e1a   Code   RO          730    .text               stm32f10x_tim.o
    0x080033c6   0x00000002   PAD
    0x080033c8   0x00000408   Code   RO          742    .text               stm32f10x_usart.o
    0x080037d0   0x000000b0   Code   RO         1040    .text               mf_w.l(fadd.o)
    0x08003880   0x00000064   Code   RO         1042    .text               mf_w.l(fmul.o)
    0x080038e4   0x0000007c   Code   RO         1044    .text               mf_w.l(fdiv.o)
    0x08003960   0x000000e4   Code   RO         1046    .text               mf_w.l(dmul.o)
    0x08003a44   0x000000de   Code   RO         1048    .text               mf_w.l(ddiv.o)
    0x08003b22   0x00000012   Code   RO         1050    .text               mf_w.l(fflti.o)
    0x08003b34   0x0000000a   Code   RO         1052    .text               mf_w.l(ffltui.o)
    0x08003b3e   0x00000032   Code   RO         1054    .text               mf_w.l(ffixi.o)
    0x08003b70   0x00000026   Code   RO         1056    .text               mf_w.l(f2d.o)
    0x08003b96   0x00000038   Code   RO         1058    .text               mf_w.l(d2f.o)
    0x08003bce   0x00000000   Code   RO         1111    .text               mc_w.l(iusefp.o)
    0x08003bce   0x0000006e   Code   RO         1112    .text               mf_w.l(fepilogue.o)
    0x08003c3c   0x000000ba   Code   RO         1114    .text               mf_w.l(depilogue.o)
    0x08003cf6   0x0000014e   Code   RO         1116    .text               mf_w.l(dadd.o)
    0x08003e44   0x00000024   Code   RO         1126    .text               mc_w.l(init.o)
    0x08003e68   0x0000001e   Code   RO         1128    .text               mc_w.l(llshl.o)
    0x08003e86   0x00000020   Code   RO         1130    .text               mc_w.l(llushr.o)
    0x08003ea6   0x00000024   Code   RO         1132    .text               mc_w.l(llsshr.o)
    0x08003eca   0x0000002e   Code   RO         1134    .text               mf_w.l(dscalb.o)
    0x08003ef8   0x00000010   Code   RO          781    i.__0printf$bare    mc_w.l(printfb.o)
    0x08003f08   0x00000028   Code   RO         1122    i.__ARM_fpclassify  m_ws.l(fpclassify.o)
    0x08003f30   0x000000aa   Code   RO         1124    i.__kernel_poly     m_ws.l(poly.o)
    0x08003fda   0x00000006   Code   RO         1071    i.__mathlib_dbl_infnan  m_ws.l(dunder.o)
    0x08003fe0   0x00000004   Code   RO         1072    i.__mathlib_dbl_infnan2  m_ws.l(dunder.o)
    0x08003fe4   0x00000010   Code   RO         1076    i.__mathlib_dbl_underflow  m_ws.l(dunder.o)
    0x08003ff4   0x0000000e   Code   RO         1138    i.__scatterload_copy  mc_w.l(handlers.o)
    0x08004002   0x00000002   Code   RO         1139    i.__scatterload_null  mc_w.l(handlers.o)
    0x08004004   0x0000000e   Code   RO         1140    i.__scatterload_zeroinit  mc_w.l(handlers.o)
    0x08004012   0x00000022   Code   RO          788    i._printf_core      mc_w.l(printfb.o)
    0x08004034   0x00000220   Code   RO         1061    i.atan              m_ws.l(atan.o)
    0x08004254   0x00000180   Code   RO          770    i.atan2             m_ws.l(atan2.o)
    0x080043d4   0x00000004   PAD
    0x080043d8   0x00000098   Data   RO         1062    .constdata          m_ws.l(atan.o)
    0x08004470   0x00000008   Data   RO         1084    .constdata          m_ws.l(qnan.o)
    0x08004478   0x00000020   Data   RO         1136    Region$$Table       anon$$obj.o


    Execution Region RW_IRAM1 (Base: 0x20000000, Size: 0x00000640, Max: 0x00005000, ABSOLUTE)

    Base Addr    Size         Type   Attr      Idx    E Section Name        Object

    0x20000000   0x00000004   Data   RW           95    .data               main.o
    0x20000004   0x00000008   Data   RW          156    .data               mpu6050_measure.o
    0x2000000c   0x00000006   Data   RW          171    .data               time.o
    0x20000012   0x00000002   PAD
    0x20000014   0x00000008   Data   RW          207    .data               control.o
    0x2000001c   0x00000001   Data   RW          226    .data               data_transfer.o
    0x2000001d   0x00000002   Data   RW          244    .data               movement_control.o
    0x2000001f   0x00000001   PAD
    0x20000020   0x00000008   Data   RW          381    .data               bsp_encoder.o
    0x20000028   0x00000014   Data   RW          426    .data               system_stm32f10x.o
    0x2000003c   0x00000014   Data   RW          672    .data               stm32f10x_rcc.o
    0x20000050   0x00000004   Data   RW         1099    .data               mc_w.l(stdout.o)
    0x20000054   0x0000000e   Zero   RW            2    .bss                scheduler.o
    0x20000062   0x00000002   PAD
    0x20000064   0x000001c4   Zero   RW          186    .bss                attitude_computation.o
    0x20000228   0x00000014   Zero   RW          225    .bss                data_transfer.o
    0x2000023c   0x00000004   PAD
    0x20000240   0x00000400   Zero   RW          407    STACK               startup_stm32f10x_hd.o


==============================================================================

Image component sizes


      Code (inc. data)   RO Data    RW Data    ZI Data      Debug   Object Name

       220         36          0          0        452      12156   attitude_computation.o
       524         32          0          8          0       2384   bsp_encoder.o
       128          6          0          0          0        887   bsp_key.o
        56          6          0          0          0        558   bsp_led.o
       240         10          0          0          0       1418   bsp_motor.o
       530          0          0          0          0      14316   bsp_mpu6050.o
       104         12          0          0          0      15918   bsp_systick.o
       380        108          0          0          0       1568   bsp_usart1.o
       224         32          0          0          0       1040   bsp_usart2.o
       108          8          0          8          0       1631   control.o
       212         26          0          1         20       1517   data_transfer.o
        72          0          0          0          0        591   init.o
      1318         12          0          0          0       5858   ioi2c.o
       488         12          0          0          0       2376   kalman.o
        76         40          0          4          0        796   main.o
       220         22          0          0          0       1933   misc.o
       156         10          0          2          0       2032   movement_control.o
       880         44          0          8          0       2568   mpu6050_measure.o
       296         12          0          0         14     270575   scheduler.o
        36          8        304          0       1024        900   startup_stm32f10x_hd.o
       284         10          0          0          0       2387   stm32f10x_exti.o
       860         38          0          0          0       5861   stm32f10x_gpio.o
        32          0          0          0          0       1350   stm32f10x_it.o
       932         36          0         20          0       9096   stm32f10x_rcc.o
      3610         88          0          0          0      22972   stm32f10x_tim.o
      1032         22          0          0          0       8588   stm32f10x_usart.o
       480         38          0         20          0       2039   system_stm32f10x.o
       460         20          0          6          0       2485   time.o

    ----------------------------------------------------------------------
     13964        688        336         80       1516     395800   Object Totals
         0          0         32          0          0          0   (incl. Generated)
         6          0          0          3          6          0   (incl. Padding)

    ----------------------------------------------------------------------

      Code (inc. data)   RO Data    RW Data    ZI Data      Debug   Library Member Name

       544         70        152          0          0        124   atan.o
       384         38          0          0          0        144   atan2.o
        26          6          0          0          0        204   dunder.o
        40          0          0          0          0         68   fpclassify.o
       170          0          0          0          0         96   poly.o
         0          0          8          0          0          0   qnan.o
         0          0          0          0          0          0   entry.o
         0          0          0          0          0          0   entry10a.o
         0          0          0          0          0          0   entry11a.o
         8          4          0          0          0          0   entry2.o
         4          0          0          0          0          0   entry5.o
         0          0          0          0          0          0   entry7b.o
         0          0          0          0          0          0   entry8b.o
         8          4          0          0          0          0   entry9a.o
        30          0          0          0          0          0   handlers.o
        36          8          0          0          0         68   init.o
         0          0          0          0          0          0   iusefp.o
        30          0          0          0          0         68   llshl.o
        36          0          0          0          0         68   llsshr.o
        32          0          0          0          0         68   llushr.o
        50          8          0          0          0        152   printfb.o
         0          0          0          4          0          0   stdout.o
        56          0          0          0          0         88   d2f.o
       334          0          0          0          0        148   dadd.o
       222          0          0          0          0        100   ddiv.o
       186          0          0          0          0        176   depilogue.o
       228          0          0          0          0         96   dmul.o
        46          0          0          0          0         80   dscalb.o
        38          0          0          0          0         68   f2d.o
       176          0          0          0          0        140   fadd.o
       124          0          0          0          0         88   fdiv.o
       110          0          0          0          0        168   fepilogue.o
        50          0          0          0          0         68   ffixi.o
        18          0          0          0          0         68   fflti.o
        10          0          0          0          0         68   ffltui.o
       100          0          0          0          0         76   fmul.o

    ----------------------------------------------------------------------
      3100        142        160          4          0       2492   Library Totals
         4          4          0          0          0          0   (incl. Padding)

    ----------------------------------------------------------------------

      Code (inc. data)   RO Data    RW Data    ZI Data      Debug   Library Name

      1164        114        160          0          0        636   m_ws.l
       234         24          0          4          0        424   mc_w.l
      1698          0          0          0          0       1432   mf_w.l

    ----------------------------------------------------------------------
      3100        142        160          4          0       2492   Library Totals

    ----------------------------------------------------------------------

==============================================================================


      Code (inc. data)   RO Data    RW Data    ZI Data      Debug   

     17064        830        496         84       1516     395012   Grand Totals
     17064        830        496         84       1516     395012   ELF Image Totals
     17064        830        496         84          0          0   ROM Totals

==============================================================================

    Total RO  Size (Code + RO Data)                17560 (  17.15kB)
    Total RW  Size (RW Data + ZI Data)              1600 (   1.56kB)
    Total ROM Size (Code + RO Data + RW Data)      17644 (  17.23kB)

==============================================================================

